[0.058s] DEBUG:colcon:Command line arguments: ['/usr/bin/colcon', 'build']
[0.058s] DEBUG:colcon:Parsed command line arguments: Namespace(log_base=None, log_level=None, verb_name='build', build_base='build', install_base='install', merge_install=False, symlink_install=False, test_result_base=None, continue_on_error=False, executor='parallel', parallel_workers=16, event_handlers=None, ignore_user_meta=False, metas=['./colcon.meta'], base_paths=['.'], packages_ignore=None, packages_ignore_regex=None, paths=None, packages_up_to=None, packages_up_to_regex=None, packages_above=None, packages_above_and_dependencies=None, packages_above_depth=None, packages_select_by_dep=None, packages_skip_by_dep=None, packages_skip_up_to=None, packages_select_build_failed=False, packages_skip_build_finished=False, packages_select_test_failures=False, packages_skip_test_passed=False, packages_select=None, packages_skip=None, packages_select_regex=None, packages_skip_regex=None, packages_start=None, packages_end=None, cmake_args=None, cmake_target=None, cmake_target_skip_unavailable=False, cmake_clean_cache=False, cmake_clean_first=False, cmake_force_configure=False, ament_cmake_args=None, catkin_cmake_args=None, catkin_skip_building_tests=False, mixin_files=None, mixin=None, verb_parser=<colcon_mixin.mixin.mixin_argument.MixinArgumentDecorator object at 0x7f8cad8f8c50>, verb_extension=<colcon_core.verb.build.BuildVerb object at 0x7f8cad8f8890>, main=<bound method BuildVerb.main of <colcon_core.verb.build.BuildVerb object at 0x7f8cad8f8890>>, mixin_verb=('build',))
[0.081s] Level 1:colcon.colcon_core.package_discovery:discover_packages(colcon_meta) check parameters
[0.081s] Level 1:colcon.colcon_core.package_discovery:discover_packages(recursive) check parameters
[0.081s] Level 1:colcon.colcon_core.package_discovery:discover_packages(ignore) check parameters
[0.081s] Level 1:colcon.colcon_core.package_discovery:discover_packages(path) check parameters
[0.081s] Level 1:colcon.colcon_core.package_discovery:discover_packages(colcon_meta) discover
[0.081s] Level 1:colcon.colcon_core.package_discovery:discover_packages(recursive) discover
[0.081s] INFO:colcon.colcon_core.package_discovery:Crawling recursively for packages in '/ws/team48/gps_nav/gps_nav_interfaces'
[0.082s] Level 1:colcon.colcon_core.package_identification:_identify(.) by extensions ['ignore', 'ignore_ament_install']
[0.082s] Level 1:colcon.colcon_core.package_identification:_identify(.) by extension 'ignore'
[0.082s] Level 1:colcon.colcon_core.package_identification:_identify(.) by extension 'ignore_ament_install'
[0.082s] Level 1:colcon.colcon_core.package_identification:_identify(.) by extensions ['colcon_pkg']
[0.082s] Level 1:colcon.colcon_core.package_identification:_identify(.) by extension 'colcon_pkg'
[0.082s] Level 1:colcon.colcon_core.package_identification:_identify(.) by extensions ['colcon_meta']
[0.082s] Level 1:colcon.colcon_core.package_identification:_identify(.) by extension 'colcon_meta'
[0.082s] Level 1:colcon.colcon_core.package_identification:_identify(.) by extensions ['ros']
[0.082s] Level 1:colcon.colcon_core.package_identification:_identify(.) by extension 'ros'
[0.100s] DEBUG:colcon.colcon_core.package_identification:Package '.' with type 'ros.catkin' and name 'gps_nav_interfaces'
[0.100s] Level 1:colcon.colcon_core.package_discovery:discover_packages(recursive) using defaults
[0.100s] Level 1:colcon.colcon_core.package_discovery:discover_packages(ignore) discover
[0.100s] Level 1:colcon.colcon_core.package_discovery:discover_packages(ignore) using defaults
[0.100s] Level 1:colcon.colcon_core.package_discovery:discover_packages(path) discover
[0.100s] Level 1:colcon.colcon_core.package_discovery:discover_packages(path) using defaults
[0.111s] Level 5:colcon.colcon_core.verb:set package 'gps_nav_interfaces' build argument 'cmake_args' from command line to 'None'
[0.111s] Level 5:colcon.colcon_core.verb:set package 'gps_nav_interfaces' build argument 'cmake_target' from command line to 'None'
[0.111s] Level 5:colcon.colcon_core.verb:set package 'gps_nav_interfaces' build argument 'cmake_target_skip_unavailable' from command line to 'False'
[0.111s] Level 5:colcon.colcon_core.verb:set package 'gps_nav_interfaces' build argument 'cmake_clean_cache' from command line to 'False'
[0.111s] Level 5:colcon.colcon_core.verb:set package 'gps_nav_interfaces' build argument 'cmake_clean_first' from command line to 'False'
[0.111s] Level 5:colcon.colcon_core.verb:set package 'gps_nav_interfaces' build argument 'cmake_force_configure' from command line to 'False'
[0.111s] Level 5:colcon.colcon_core.verb:set package 'gps_nav_interfaces' build argument 'ament_cmake_args' from command line to 'None'
[0.111s] Level 5:colcon.colcon_core.verb:set package 'gps_nav_interfaces' build argument 'catkin_cmake_args' from command line to 'None'
[0.111s] Level 5:colcon.colcon_core.verb:set package 'gps_nav_interfaces' build argument 'catkin_skip_building_tests' from command line to 'False'
[0.111s] DEBUG:colcon.colcon_core.verb:Building package 'gps_nav_interfaces' with the following arguments: {'ament_cmake_args': None, 'build_base': '/ws/team48/gps_nav/gps_nav_interfaces/build/gps_nav_interfaces', 'catkin_cmake_args': None, 'catkin_skip_building_tests': False, 'cmake_args': None, 'cmake_clean_cache': False, 'cmake_clean_first': False, 'cmake_force_configure': False, 'cmake_target': None, 'cmake_target_skip_unavailable': False, 'install_base': '/ws/team48/gps_nav/gps_nav_interfaces/install/gps_nav_interfaces', 'merge_install': False, 'path': '/ws/team48/gps_nav/gps_nav_interfaces', 'symlink_install': False, 'test_result_base': None}
[0.111s] INFO:colcon.colcon_core.executor:Executing jobs using 'parallel' executor
[0.112s] DEBUG:colcon.colcon_parallel_executor.executor.parallel:run_until_complete
[0.112s] INFO:colcon.colcon_ros.task.catkin.build:Building ROS package in '/ws/team48/gps_nav/gps_nav_interfaces' with build type 'catkin'
[0.112s] INFO:colcon.colcon_cmake.task.cmake.build:Building CMake package in '/ws/team48/gps_nav/gps_nav_interfaces'
[0.113s] INFO:colcon.colcon_core.plugin_system:Skipping extension 'colcon_core.shell.bat': Not used on non-Windows systems
[0.114s] INFO:colcon.colcon_core.shell:Skip shell extension 'powershell' for command environment: Not usable outside of PowerShell
[0.114s] DEBUG:colcon.colcon_core.shell:Skip shell extension 'dsv' for command environment
[0.134s] DEBUG:colcon.colcon_core.event_handler.log_command:Invoking command in '/ws/team48/gps_nav/gps_nav_interfaces/build/gps_nav_interfaces': /usr/bin/cmake /ws/team48/gps_nav/gps_nav_interfaces -DCATKIN_INSTALL_INTO_PREFIX_ROOT=0 -DCMAKE_INSTALL_PREFIX=/ws/team48/gps_nav/gps_nav_interfaces/install/gps_nav_interfaces
[2.741s] DEBUG:colcon.colcon_core.event_handler.log_command:Invoked command in '/ws/team48/gps_nav/gps_nav_interfaces/build/gps_nav_interfaces' returned '0': /usr/bin/cmake /ws/team48/gps_nav/gps_nav_interfaces -DCATKIN_INSTALL_INTO_PREFIX_ROOT=0 -DCMAKE_INSTALL_PREFIX=/ws/team48/gps_nav/gps_nav_interfaces/install/gps_nav_interfaces
[2.742s] DEBUG:colcon.colcon_core.event_handler.log_command:Invoking command in '/ws/team48/gps_nav/gps_nav_interfaces/build/gps_nav_interfaces': /usr/bin/cmake --build /ws/team48/gps_nav/gps_nav_interfaces/build/gps_nav_interfaces -- -j16 -l16
[5.583s] DEBUG:colcon.colcon_core.event_handler.log_command:Invoked command in '/ws/team48/gps_nav/gps_nav_interfaces/build/gps_nav_interfaces' returned '0': /usr/bin/cmake --build /ws/team48/gps_nav/gps_nav_interfaces/build/gps_nav_interfaces -- -j16 -l16
[5.593s] DEBUG:colcon.colcon_core.event_handler.log_command:Invoking command in '/ws/team48/gps_nav/gps_nav_interfaces/build/gps_nav_interfaces': /usr/bin/cmake --install /ws/team48/gps_nav/gps_nav_interfaces/build/gps_nav_interfaces
[5.689s] DEBUG:colcon.colcon_core.event_handler.log_command:Invoked command in '/ws/team48/gps_nav/gps_nav_interfaces/build/gps_nav_interfaces' returned '0': /usr/bin/cmake --install /ws/team48/gps_nav/gps_nav_interfaces/build/gps_nav_interfaces
[5.690s] Level 1:colcon.colcon_core.shell:create_environment_hook('gps_nav_interfaces', 'ros_package_path')
[5.690s] INFO:colcon.colcon_core.shell:Creating environment hook '/ws/team48/gps_nav/gps_nav_interfaces/install/gps_nav_interfaces/share/gps_nav_interfaces/hook/ros_package_path.ps1'
[5.691s] INFO:colcon.colcon_core.shell:Creating environment descriptor '/ws/team48/gps_nav/gps_nav_interfaces/install/gps_nav_interfaces/share/gps_nav_interfaces/hook/ros_package_path.dsv'
[5.691s] INFO:colcon.colcon_core.shell:Creating environment hook '/ws/team48/gps_nav/gps_nav_interfaces/install/gps_nav_interfaces/share/gps_nav_interfaces/hook/ros_package_path.sh'
[5.692s] Level 1:colcon.colcon_ros.task.catkin:checking '/ws/team48/gps_nav/gps_nav_interfaces/install/gps_nav_interfaces/lib/python3.12/site-packages'
[5.692s] Level 1:colcon.colcon_core.shell:create_environment_hook('gps_nav_interfaces', 'catkin_pythonpath')
[5.692s] INFO:colcon.colcon_core.shell:Creating environment hook '/ws/team48/gps_nav/gps_nav_interfaces/install/gps_nav_interfaces/share/gps_nav_interfaces/hook/catkin_pythonpath.ps1'
[5.692s] INFO:colcon.colcon_core.shell:Creating environment descriptor '/ws/team48/gps_nav/gps_nav_interfaces/install/gps_nav_interfaces/share/gps_nav_interfaces/hook/catkin_pythonpath.dsv'
[5.693s] INFO:colcon.colcon_core.shell:Creating environment hook '/ws/team48/gps_nav/gps_nav_interfaces/install/gps_nav_interfaces/share/gps_nav_interfaces/hook/catkin_pythonpath.sh'
[5.693s] Level 1:colcon.colcon_core.shell:create_environment_hook('gps_nav_interfaces', 'pkg_config_path')
[5.693s] INFO:colcon.colcon_core.shell:Creating environment hook '/ws/team48/gps_nav/gps_nav_interfaces/install/gps_nav_interfaces/share/gps_nav_interfaces/hook/pkg_config_path.ps1'
[5.694s] INFO:colcon.colcon_core.shell:Creating environment descriptor '/ws/team48/gps_nav/gps_nav_interfaces/install/gps_nav_interfaces/share/gps_nav_interfaces/hook/pkg_config_path.dsv'
[5.694s] INFO:colcon.colcon_core.shell:Creating environment hook '/ws/team48/gps_nav/gps_nav_interfaces/install/gps_nav_interfaces/share/gps_nav_interfaces/hook/pkg_config_path.sh'
[5.695s] Level 1:colcon.colcon_core.shell:create_environment_hook('gps_nav_interfaces', 'pkg_config_path_multiarch')
[5.696s] INFO:colcon.colcon_core.shell:Creating environment hook '/ws/team48/gps_nav/gps_nav_interfaces/install/gps_nav_interfaces/share/gps_nav_interfaces/hook/pkg_config_path_multiarch.ps1'
[5.696s] INFO:colcon.colcon_core.shell:Creating environment descriptor '/ws/team48/gps_nav/gps_nav_interfaces/install/gps_nav_interfaces/share/gps_nav_interfaces/hook/pkg_config_path_multiarch.dsv'
[5.696s] INFO:colcon.colcon_core.shell:Creating environment hook '/ws/team48/gps_nav/gps_nav_interfaces/install/gps_nav_interfaces/share/gps_nav_interfaces/hook/pkg_config_path_multiarch.sh'
[5.698s] Level 1:colcon.colcon_core.environment:create_environment_scripts_only(gps_nav_interfaces)
[5.700s] Level 1:colcon.colcon_core.environment:checking '/ws/team48/gps_nav/gps_nav_interfaces/install/gps_nav_interfaces' for CMake module files
[5.701s] Level 1:colcon.colcon_core.environment:checking '/ws/team48/gps_nav/gps_nav_interfaces/install/gps_nav_interfaces' for CMake config files
[5.702s] Level 1:colcon.colcon_core.shell:create_environment_hook('gps_nav_interfaces', 'cmake_prefix_path')
[5.702s] INFO:colcon.colcon_core.shell:Creating environment hook '/ws/team48/gps_nav/gps_nav_interfaces/install/gps_nav_interfaces/share/gps_nav_interfaces/hook/cmake_prefix_path.ps1'
[5.702s] INFO:colcon.colcon_core.shell:Creating environment descriptor '/ws/team48/gps_nav/gps_nav_interfaces/install/gps_nav_interfaces/share/gps_nav_interfaces/hook/cmake_prefix_path.dsv'
[5.703s] INFO:colcon.colcon_core.shell:Creating environment hook '/ws/team48/gps_nav/gps_nav_interfaces/install/gps_nav_interfaces/share/gps_nav_interfaces/hook/cmake_prefix_path.sh'
[5.703s] Level 1:colcon.colcon_core.environment:checking '/ws/team48/gps_nav/gps_nav_interfaces/install/gps_nav_interfaces/lib'
[5.703s] Level 1:colcon.colcon_core.shell:create_environment_hook('gps_nav_interfaces', 'ld_library_path_lib')
[5.703s] INFO:colcon.colcon_core.shell:Creating environment hook '/ws/team48/gps_nav/gps_nav_interfaces/install/gps_nav_interfaces/share/gps_nav_interfaces/hook/ld_library_path_lib.ps1'
[5.704s] INFO:colcon.colcon_core.shell:Creating environment descriptor '/ws/team48/gps_nav/gps_nav_interfaces/install/gps_nav_interfaces/share/gps_nav_interfaces/hook/ld_library_path_lib.dsv'
[5.704s] INFO:colcon.colcon_core.shell:Creating environment hook '/ws/team48/gps_nav/gps_nav_interfaces/install/gps_nav_interfaces/share/gps_nav_interfaces/hook/ld_library_path_lib.sh'
[5.704s] Level 1:colcon.colcon_core.environment:checking '/ws/team48/gps_nav/gps_nav_interfaces/install/gps_nav_interfaces/bin'
[5.704s] Level 1:colcon.colcon_core.environment:checking '/ws/team48/gps_nav/gps_nav_interfaces/install/gps_nav_interfaces/lib/pkgconfig/gps_nav_interfaces.pc'
[5.705s] Level 1:colcon.colcon_core.environment:checking '/ws/team48/gps_nav/gps_nav_interfaces/install/gps_nav_interfaces/lib/python3.12/site-packages'
[5.706s] Level 1:colcon.colcon_core.shell:create_environment_hook('gps_nav_interfaces', 'pythonpath')
[5.706s] INFO:colcon.colcon_core.shell:Creating environment hook '/ws/team48/gps_nav/gps_nav_interfaces/install/gps_nav_interfaces/share/gps_nav_interfaces/hook/pythonpath.ps1'
[5.706s] INFO:colcon.colcon_core.shell:Creating environment descriptor '/ws/team48/gps_nav/gps_nav_interfaces/install/gps_nav_interfaces/share/gps_nav_interfaces/hook/pythonpath.dsv'
[5.706s] INFO:colcon.colcon_core.shell:Creating environment hook '/ws/team48/gps_nav/gps_nav_interfaces/install/gps_nav_interfaces/share/gps_nav_interfaces/hook/pythonpath.sh'
[5.707s] Level 1:colcon.colcon_core.environment:checking '/ws/team48/gps_nav/gps_nav_interfaces/install/gps_nav_interfaces/bin'
[5.707s] INFO:colcon.colcon_core.shell:Creating package script '/ws/team48/gps_nav/gps_nav_interfaces/install/gps_nav_interfaces/share/gps_nav_interfaces/package.ps1'
[5.708s] INFO:colcon.colcon_core.shell:Creating package descriptor '/ws/team48/gps_nav/gps_nav_interfaces/install/gps_nav_interfaces/share/gps_nav_interfaces/package.dsv'
[5.708s] INFO:colcon.colcon_core.shell:Creating package script '/ws/team48/gps_nav/gps_nav_interfaces/install/gps_nav_interfaces/share/gps_nav_interfaces/package.sh'
[5.709s] INFO:colcon.colcon_core.shell:Creating package script '/ws/team48/gps_nav/gps_nav_interfaces/install/gps_nav_interfaces/share/gps_nav_interfaces/package.bash'
[5.709s] INFO:colcon.colcon_core.shell:Creating package script '/ws/team48/gps_nav/gps_nav_interfaces/install/gps_nav_interfaces/share/gps_nav_interfaces/package.zsh'
[5.709s] Level 1:colcon.colcon_core.environment:create_file_with_runtime_dependencies(/ws/team48/gps_nav/gps_nav_interfaces/install/gps_nav_interfaces/share/colcon-core/packages/gps_nav_interfaces)
[5.710s] DEBUG:colcon.colcon_parallel_executor.executor.parallel:closing loop
[5.710s] DEBUG:colcon.colcon_parallel_executor.executor.parallel:loop closed
[5.710s] DEBUG:colcon.colcon_parallel_executor.executor.parallel:run_until_complete finished with '0'
[5.710s] DEBUG:colcon.colcon_core.event_reactor:joining thread
[5.714s] INFO:colcon.colcon_core.plugin_system:Skipping extension 'colcon_notification.desktop_notification.notify_send': Could not find 'notify-send'
[5.714s] INFO:colcon.colcon_core.plugin_system:Skipping extension 'colcon_notification.desktop_notification.terminal_notifier': Not used on non-Darwin systems
[5.714s] INFO:colcon.colcon_core.plugin_system:Skipping extension 'colcon_notification.desktop_notification.win32': Not used on non-Windows systems
[5.714s] INFO:colcon.colcon_notification.desktop_notification:Sending desktop notification using 'notify2'
[5.716s] DEBUG:colcon.colcon_notification.desktop_notification.notify2:Failed to initialize notify2: org.freedesktop.DBus.Error.Spawn.ExecFailed: /usr/bin/dbus-launch terminated abnormally without any error message
[5.716s] DEBUG:colcon.colcon_core.event_reactor:joined thread
[5.716s] INFO:colcon.colcon_core.shell:Creating prefix script '/ws/team48/gps_nav/gps_nav_interfaces/install/local_setup.ps1'
[5.717s] INFO:colcon.colcon_core.shell:Creating prefix util module '/ws/team48/gps_nav/gps_nav_interfaces/install/_local_setup_util_ps1.py'
[5.718s] INFO:colcon.colcon_core.shell:Creating prefix chain script '/ws/team48/gps_nav/gps_nav_interfaces/install/setup.ps1'
[5.719s] INFO:colcon.colcon_core.shell:Creating prefix script '/ws/team48/gps_nav/gps_nav_interfaces/install/local_setup.sh'
[5.720s] INFO:colcon.colcon_core.shell:Creating prefix util module '/ws/team48/gps_nav/gps_nav_interfaces/install/_local_setup_util_sh.py'
[5.720s] INFO:colcon.colcon_core.shell:Creating prefix chain script '/ws/team48/gps_nav/gps_nav_interfaces/install/setup.sh'
[5.722s] INFO:colcon.colcon_core.shell:Creating prefix script '/ws/team48/gps_nav/gps_nav_interfaces/install/local_setup.bash'
[5.722s] INFO:colcon.colcon_core.shell:Creating prefix chain script '/ws/team48/gps_nav/gps_nav_interfaces/install/setup.bash'
[5.724s] INFO:colcon.colcon_core.shell:Creating prefix script '/ws/team48/gps_nav/gps_nav_interfaces/install/local_setup.zsh'
[5.724s] INFO:colcon.colcon_core.shell:Creating prefix chain script '/ws/team48/gps_nav/gps_nav_interfaces/install/setup.zsh'
