[0.020s] Invoking command in '/ws/src/my_tb3_world/build/my_tb3_world': CMAKE_PREFIX_PATH=${CMAKE_PREFIX_PATH}:/opt/turtlebot3_ws/install/turtlebot3_teleop:/opt/ros/jazzy /usr/bin/cmake --build /ws/src/my_tb3_world/build/my_tb3_world -- -j16 -l16
[0.081s] Invoked command in '/ws/src/my_tb3_world/build/my_tb3_world' returned '0': CMAKE_PREFIX_PATH=${CMAKE_PREFIX_PATH}:/opt/turtlebot3_ws/install/turtlebot3_teleop:/opt/ros/jazzy /usr/bin/cmake --build /ws/src/my_tb3_world/build/my_tb3_world -- -j16 -l16
[0.096s] Invoking command in '/ws/src/my_tb3_world/build/my_tb3_world': CMAKE_PREFIX_PATH=${CMAKE_PREFIX_PATH}:/opt/turtlebot3_ws/install/turtlebot3_teleop:/opt/ros/jazzy /usr/bin/cmake --install /ws/src/my_tb3_world/build/my_tb3_world
[0.108s] -- Install configuration: ""
[0.108s] -- Up-to-date: /ws/src/my_tb3_world/install/my_tb3_world/share/my_tb3_world/launch
[0.109s] -- Up-to-date: /ws/src/my_tb3_world/install/my_tb3_world/share/my_tb3_world/launch/new_world.launch.py
[0.109s] -- Up-to-date: /ws/src/my_tb3_world/install/my_tb3_world/share/my_tb3_world/launch/__pycache__
[0.110s] -- Installing: /ws/src/my_tb3_world/install/my_tb3_world/share/my_tb3_world/launch/__pycache__/new_world.launch.cpython-312.pyc
[0.110s] -- Up-to-date: /ws/src/my_tb3_world/install/my_tb3_world/share/my_tb3_world/worlds
[0.111s] -- Up-to-date: /ws/src/my_tb3_world/install/my_tb3_world/share/my_tb3_world/worlds/new_world.world
[0.111s] -- Up-to-date: /ws/src/my_tb3_world/install/my_tb3_world/share/my_tb3_world/package.xml
[0.112s] -- Up-to-date: /ws/src/my_tb3_world/install/my_tb3_world/share/ament_index/resource_index/package_run_dependencies/my_tb3_world
[0.112s] -- Up-to-date: /ws/src/my_tb3_world/install/my_tb3_world/share/ament_index/resource_index/parent_prefix_path/my_tb3_world
[0.112s] -- Up-to-date: /ws/src/my_tb3_world/install/my_tb3_world/share/my_tb3_world/environment/ament_prefix_path.sh
[0.113s] -- Up-to-date: /ws/src/my_tb3_world/install/my_tb3_world/share/my_tb3_world/environment/ament_prefix_path.dsv
[0.113s] -- Up-to-date: /ws/src/my_tb3_world/install/my_tb3_world/share/my_tb3_world/environment/path.sh
[0.113s] -- Up-to-date: /ws/src/my_tb3_world/install/my_tb3_world/share/my_tb3_world/environment/path.dsv
[0.114s] -- Up-to-date: /ws/src/my_tb3_world/install/my_tb3_world/share/my_tb3_world/local_setup.bash
[0.114s] -- Up-to-date: /ws/src/my_tb3_world/install/my_tb3_world/share/my_tb3_world/local_setup.sh
[0.114s] -- Up-to-date: /ws/src/my_tb3_world/install/my_tb3_world/share/my_tb3_world/local_setup.zsh
[0.115s] -- Up-to-date: /ws/src/my_tb3_world/install/my_tb3_world/share/my_tb3_world/local_setup.dsv
[0.115s] -- Installing: /ws/src/my_tb3_world/install/my_tb3_world/share/my_tb3_world/package.dsv
[0.115s] -- Up-to-date: /ws/src/my_tb3_world/install/my_tb3_world/share/ament_index/resource_index/packages/my_tb3_world
[0.116s] -- Up-to-date: /ws/src/my_tb3_world/install/my_tb3_world/share/my_tb3_world/cmake/my_tb3_worldConfig.cmake
[0.116s] -- Up-to-date: /ws/src/my_tb3_world/install/my_tb3_world/share/my_tb3_world/cmake/my_tb3_worldConfig-version.cmake
[0.117s] -- Up-to-date: /ws/src/my_tb3_world/install/my_tb3_world/share/my_tb3_world/package.xml
[0.121s] Invoked command in '/ws/src/my_tb3_world/build/my_tb3_world' returned '0': CMAKE_PREFIX_PATH=${CMAKE_PREFIX_PATH}:/opt/turtlebot3_ws/install/turtlebot3_teleop:/opt/ros/jazzy /usr/bin/cmake --install /ws/src/my_tb3_world/build/my_tb3_world
