[0.060s] DEBUG:colcon:Command line arguments: ['/usr/bin/colcon', 'build']
[0.060s] DEBUG:colcon:Parsed command line arguments: Namespace(log_base=None, log_level=None, verb_name='build', build_base='build', install_base='install', merge_install=False, symlink_install=False, test_result_base=None, continue_on_error=False, executor='parallel', parallel_workers=16, event_handlers=None, ignore_user_meta=False, metas=['./colcon.meta'], base_paths=['.'], packages_ignore=None, packages_ignore_regex=None, paths=None, packages_up_to=None, packages_up_to_regex=None, packages_above=None, packages_above_and_dependencies=None, packages_above_depth=None, packages_select_by_dep=None, packages_skip_by_dep=None, packages_skip_up_to=None, packages_select_build_failed=False, packages_skip_build_finished=False, packages_select_test_failures=False, packages_skip_test_passed=False, packages_select=None, packages_skip=None, packages_select_regex=None, packages_skip_regex=None, packages_start=None, packages_end=None, cmake_args=None, cmake_target=None, cmake_target_skip_unavailable=False, cmake_clean_cache=False, cmake_clean_first=False, cmake_force_configure=False, ament_cmake_args=None, catkin_cmake_args=None, catkin_skip_building_tests=False, mixin_files=None, mixin=None, verb_parser=<colcon_mixin.mixin.mixin_argument.MixinArgumentDecorator object at 0x7f10e2fa9520>, verb_extension=<colcon_core.verb.build.BuildVerb object at 0x7f10e2dd87d0>, main=<bound method BuildVerb.main of <colcon_core.verb.build.BuildVerb object at 0x7f10e2dd87d0>>, mixin_verb=('build',))
[0.083s] Level 1:colcon.colcon_core.package_discovery:discover_packages(colcon_meta) check parameters
[0.083s] Level 1:colcon.colcon_core.package_discovery:discover_packages(recursive) check parameters
[0.083s] Level 1:colcon.colcon_core.package_discovery:discover_packages(ignore) check parameters
[0.084s] Level 1:colcon.colcon_core.package_discovery:discover_packages(path) check parameters
[0.084s] Level 1:colcon.colcon_core.package_discovery:discover_packages(colcon_meta) discover
[0.084s] Level 1:colcon.colcon_core.package_discovery:discover_packages(recursive) discover
[0.084s] INFO:colcon.colcon_core.package_discovery:Crawling recursively for packages in '/ws/team48/gps_nav'
[0.084s] Level 1:colcon.colcon_core.package_identification:_identify(.) by extensions ['ignore', 'ignore_ament_install']
[0.084s] Level 1:colcon.colcon_core.package_identification:_identify(.) by extension 'ignore'
[0.084s] Level 1:colcon.colcon_core.package_identification:_identify(.) by extension 'ignore_ament_install'
[0.084s] Level 1:colcon.colcon_core.package_identification:_identify(.) by extensions ['colcon_pkg']
[0.084s] Level 1:colcon.colcon_core.package_identification:_identify(.) by extension 'colcon_pkg'
[0.084s] Level 1:colcon.colcon_core.package_identification:_identify(.) by extensions ['colcon_meta']
[0.084s] Level 1:colcon.colcon_core.package_identification:_identify(.) by extension 'colcon_meta'
[0.084s] Level 1:colcon.colcon_core.package_identification:_identify(.) by extensions ['ros']
[0.084s] Level 1:colcon.colcon_core.package_identification:_identify(.) by extension 'ros'
[0.102s] DEBUG:colcon.colcon_core.package_identification:Package '.' with type 'ros.catkin' and name 'gps_nav'
[0.102s] Level 1:colcon.colcon_core.package_discovery:discover_packages(recursive) using defaults
[0.102s] Level 1:colcon.colcon_core.package_discovery:discover_packages(ignore) discover
[0.102s] Level 1:colcon.colcon_core.package_discovery:discover_packages(ignore) using defaults
[0.102s] Level 1:colcon.colcon_core.package_discovery:discover_packages(path) discover
[0.102s] Level 1:colcon.colcon_core.package_discovery:discover_packages(path) using defaults
[0.114s] Level 5:colcon.colcon_core.verb:set package 'gps_nav' build argument 'cmake_args' from command line to 'None'
[0.114s] Level 5:colcon.colcon_core.verb:set package 'gps_nav' build argument 'cmake_target' from command line to 'None'
[0.114s] Level 5:colcon.colcon_core.verb:set package 'gps_nav' build argument 'cmake_target_skip_unavailable' from command line to 'False'
[0.114s] Level 5:colcon.colcon_core.verb:set package 'gps_nav' build argument 'cmake_clean_cache' from command line to 'False'
[0.114s] Level 5:colcon.colcon_core.verb:set package 'gps_nav' build argument 'cmake_clean_first' from command line to 'False'
[0.114s] Level 5:colcon.colcon_core.verb:set package 'gps_nav' build argument 'cmake_force_configure' from command line to 'False'
[0.114s] Level 5:colcon.colcon_core.verb:set package 'gps_nav' build argument 'ament_cmake_args' from command line to 'None'
[0.114s] Level 5:colcon.colcon_core.verb:set package 'gps_nav' build argument 'catkin_cmake_args' from command line to 'None'
[0.114s] Level 5:colcon.colcon_core.verb:set package 'gps_nav' build argument 'catkin_skip_building_tests' from command line to 'False'
[0.114s] DEBUG:colcon.colcon_core.verb:Building package 'gps_nav' with the following arguments: {'ament_cmake_args': None, 'build_base': '/ws/team48/gps_nav/build/gps_nav', 'catkin_cmake_args': None, 'catkin_skip_building_tests': False, 'cmake_args': None, 'cmake_clean_cache': False, 'cmake_clean_first': False, 'cmake_force_configure': False, 'cmake_target': None, 'cmake_target_skip_unavailable': False, 'install_base': '/ws/team48/gps_nav/install/gps_nav', 'merge_install': False, 'path': '/ws/team48/gps_nav', 'symlink_install': False, 'test_result_base': None}
[0.115s] INFO:colcon.colcon_core.executor:Executing jobs using 'parallel' executor
[0.115s] DEBUG:colcon.colcon_parallel_executor.executor.parallel:run_until_complete
[0.115s] INFO:colcon.colcon_ros.task.catkin.build:Building ROS package in '/ws/team48/gps_nav' with build type 'catkin'
[0.115s] INFO:colcon.colcon_cmake.task.cmake.build:Building CMake package in '/ws/team48/gps_nav'
[0.117s] INFO:colcon.colcon_core.plugin_system:Skipping extension 'colcon_core.shell.bat': Not used on non-Windows systems
[0.117s] INFO:colcon.colcon_core.shell:Skip shell extension 'powershell' for command environment: Not usable outside of PowerShell
[0.117s] DEBUG:colcon.colcon_core.shell:Skip shell extension 'dsv' for command environment
[0.123s] DEBUG:colcon.colcon_core.event_handler.log_command:Invoking command in '/ws/team48/gps_nav/build/gps_nav': /usr/bin/cmake /ws/team48/gps_nav -DCATKIN_INSTALL_INTO_PREFIX_ROOT=0 -DCMAKE_INSTALL_PREFIX=/ws/team48/gps_nav/install/gps_nav
[0.979s] DEBUG:colcon.colcon_core.event_handler.log_command:Invoked command in '/ws/team48/gps_nav/build/gps_nav' returned '0': /usr/bin/cmake /ws/team48/gps_nav -DCATKIN_INSTALL_INTO_PREFIX_ROOT=0 -DCMAKE_INSTALL_PREFIX=/ws/team48/gps_nav/install/gps_nav
[0.980s] DEBUG:colcon.colcon_core.event_handler.log_command:Invoking command in '/ws/team48/gps_nav/build/gps_nav': /usr/bin/cmake --build /ws/team48/gps_nav/build/gps_nav -- -j16 -l16
[1.225s] DEBUG:colcon.colcon_core.event_handler.log_command:Invoked command in '/ws/team48/gps_nav/build/gps_nav' returned '0': /usr/bin/cmake --build /ws/team48/gps_nav/build/gps_nav -- -j16 -l16
[1.234s] DEBUG:colcon.colcon_core.event_handler.log_command:Invoking command in '/ws/team48/gps_nav/build/gps_nav': /usr/bin/cmake --install /ws/team48/gps_nav/build/gps_nav
[1.282s] DEBUG:colcon.colcon_core.event_handler.log_command:Invoked command in '/ws/team48/gps_nav/build/gps_nav' returned '0': /usr/bin/cmake --install /ws/team48/gps_nav/build/gps_nav
[1.282s] Level 1:colcon.colcon_core.shell:create_environment_hook('gps_nav', 'ros_package_path')
[1.282s] INFO:colcon.colcon_core.shell:Creating environment hook '/ws/team48/gps_nav/install/gps_nav/share/gps_nav/hook/ros_package_path.ps1'
[1.283s] INFO:colcon.colcon_core.shell:Creating environment descriptor '/ws/team48/gps_nav/install/gps_nav/share/gps_nav/hook/ros_package_path.dsv'
[1.283s] INFO:colcon.colcon_core.shell:Creating environment hook '/ws/team48/gps_nav/install/gps_nav/share/gps_nav/hook/ros_package_path.sh'
[1.284s] Level 1:colcon.colcon_ros.task.catkin:checking '/ws/team48/gps_nav/install/gps_nav/lib/python3.12/site-packages'
[1.284s] Level 1:colcon.colcon_core.shell:create_environment_hook('gps_nav', 'catkin_pythonpath')
[1.285s] INFO:colcon.colcon_core.shell:Creating environment hook '/ws/team48/gps_nav/install/gps_nav/share/gps_nav/hook/catkin_pythonpath.ps1'
[1.285s] INFO:colcon.colcon_core.shell:Creating environment descriptor '/ws/team48/gps_nav/install/gps_nav/share/gps_nav/hook/catkin_pythonpath.dsv'
[1.285s] INFO:colcon.colcon_core.shell:Creating environment hook '/ws/team48/gps_nav/install/gps_nav/share/gps_nav/hook/catkin_pythonpath.sh'
[1.286s] Level 1:colcon.colcon_core.shell:create_environment_hook('gps_nav', 'pkg_config_path')
[1.286s] INFO:colcon.colcon_core.shell:Creating environment hook '/ws/team48/gps_nav/install/gps_nav/share/gps_nav/hook/pkg_config_path.ps1'
[1.287s] INFO:colcon.colcon_core.shell:Creating environment descriptor '/ws/team48/gps_nav/install/gps_nav/share/gps_nav/hook/pkg_config_path.dsv'
[1.287s] INFO:colcon.colcon_core.shell:Creating environment hook '/ws/team48/gps_nav/install/gps_nav/share/gps_nav/hook/pkg_config_path.sh'
[1.289s] Level 1:colcon.colcon_core.shell:create_environment_hook('gps_nav', 'pkg_config_path_multiarch')
[1.289s] INFO:colcon.colcon_core.shell:Creating environment hook '/ws/team48/gps_nav/install/gps_nav/share/gps_nav/hook/pkg_config_path_multiarch.ps1'
[1.290s] INFO:colcon.colcon_core.shell:Creating environment descriptor '/ws/team48/gps_nav/install/gps_nav/share/gps_nav/hook/pkg_config_path_multiarch.dsv'
[1.290s] INFO:colcon.colcon_core.shell:Creating environment hook '/ws/team48/gps_nav/install/gps_nav/share/gps_nav/hook/pkg_config_path_multiarch.sh'
[1.291s] Level 1:colcon.colcon_core.environment:create_environment_scripts_only(gps_nav)
[1.292s] Level 1:colcon.colcon_core.environment:checking '/ws/team48/gps_nav/install/gps_nav' for CMake module files
[1.293s] Level 1:colcon.colcon_core.environment:checking '/ws/team48/gps_nav/install/gps_nav' for CMake config files
[1.293s] Level 1:colcon.colcon_core.shell:create_environment_hook('gps_nav', 'cmake_prefix_path')
[1.293s] INFO:colcon.colcon_core.shell:Creating environment hook '/ws/team48/gps_nav/install/gps_nav/share/gps_nav/hook/cmake_prefix_path.ps1'
[1.294s] INFO:colcon.colcon_core.shell:Creating environment descriptor '/ws/team48/gps_nav/install/gps_nav/share/gps_nav/hook/cmake_prefix_path.dsv'
[1.294s] INFO:colcon.colcon_core.shell:Creating environment hook '/ws/team48/gps_nav/install/gps_nav/share/gps_nav/hook/cmake_prefix_path.sh'
[1.294s] Level 1:colcon.colcon_core.environment:checking '/ws/team48/gps_nav/install/gps_nav/lib'
[1.294s] Level 1:colcon.colcon_core.environment:checking '/ws/team48/gps_nav/install/gps_nav/bin'
[1.294s] Level 1:colcon.colcon_core.environment:checking '/ws/team48/gps_nav/install/gps_nav/lib/pkgconfig/gps_nav.pc'
[1.296s] Level 1:colcon.colcon_core.environment:checking '/ws/team48/gps_nav/install/gps_nav/lib/python3.12/site-packages'
[1.296s] Level 1:colcon.colcon_core.shell:create_environment_hook('gps_nav', 'pythonpath')
[1.296s] INFO:colcon.colcon_core.shell:Creating environment hook '/ws/team48/gps_nav/install/gps_nav/share/gps_nav/hook/pythonpath.ps1'
[1.296s] INFO:colcon.colcon_core.shell:Creating environment descriptor '/ws/team48/gps_nav/install/gps_nav/share/gps_nav/hook/pythonpath.dsv'
[1.296s] INFO:colcon.colcon_core.shell:Creating environment hook '/ws/team48/gps_nav/install/gps_nav/share/gps_nav/hook/pythonpath.sh'
[1.297s] Level 1:colcon.colcon_core.environment:checking '/ws/team48/gps_nav/install/gps_nav/bin'
[1.297s] INFO:colcon.colcon_core.shell:Creating package script '/ws/team48/gps_nav/install/gps_nav/share/gps_nav/package.ps1'
[1.298s] INFO:colcon.colcon_core.shell:Creating package descriptor '/ws/team48/gps_nav/install/gps_nav/share/gps_nav/package.dsv'
[1.299s] INFO:colcon.colcon_core.shell:Creating package script '/ws/team48/gps_nav/install/gps_nav/share/gps_nav/package.sh'
[1.299s] INFO:colcon.colcon_core.shell:Creating package script '/ws/team48/gps_nav/install/gps_nav/share/gps_nav/package.bash'
[1.299s] INFO:colcon.colcon_core.shell:Creating package script '/ws/team48/gps_nav/install/gps_nav/share/gps_nav/package.zsh'
[1.300s] Level 1:colcon.colcon_core.environment:create_file_with_runtime_dependencies(/ws/team48/gps_nav/install/gps_nav/share/colcon-core/packages/gps_nav)
[1.300s] DEBUG:colcon.colcon_parallel_executor.executor.parallel:closing loop
[1.300s] DEBUG:colcon.colcon_parallel_executor.executor.parallel:loop closed
[1.300s] DEBUG:colcon.colcon_parallel_executor.executor.parallel:run_until_complete finished with '0'
[1.300s] DEBUG:colcon.colcon_core.event_reactor:joining thread
[1.308s] INFO:colcon.colcon_core.plugin_system:Skipping extension 'colcon_notification.desktop_notification.notify_send': Could not find 'notify-send'
[1.309s] INFO:colcon.colcon_core.plugin_system:Skipping extension 'colcon_notification.desktop_notification.terminal_notifier': Not used on non-Darwin systems
[1.309s] INFO:colcon.colcon_core.plugin_system:Skipping extension 'colcon_notification.desktop_notification.win32': Not used on non-Windows systems
[1.309s] INFO:colcon.colcon_notification.desktop_notification:Sending desktop notification using 'notify2'
[1.310s] DEBUG:colcon.colcon_notification.desktop_notification.notify2:Failed to initialize notify2: org.freedesktop.DBus.Error.Spawn.ExecFailed: /usr/bin/dbus-launch terminated abnormally without any error message
[1.311s] DEBUG:colcon.colcon_core.event_reactor:joined thread
[1.312s] INFO:colcon.colcon_core.shell:Creating prefix script '/ws/team48/gps_nav/install/local_setup.ps1'
[1.314s] INFO:colcon.colcon_core.shell:Creating prefix util module '/ws/team48/gps_nav/install/_local_setup_util_ps1.py'
[1.315s] INFO:colcon.colcon_core.shell:Creating prefix chain script '/ws/team48/gps_nav/install/setup.ps1'
[1.317s] INFO:colcon.colcon_core.shell:Creating prefix script '/ws/team48/gps_nav/install/local_setup.sh'
[1.317s] INFO:colcon.colcon_core.shell:Creating prefix util module '/ws/team48/gps_nav/install/_local_setup_util_sh.py'
[1.318s] INFO:colcon.colcon_core.shell:Creating prefix chain script '/ws/team48/gps_nav/install/setup.sh'
[1.319s] INFO:colcon.colcon_core.shell:Creating prefix script '/ws/team48/gps_nav/install/local_setup.bash'
[1.320s] INFO:colcon.colcon_core.shell:Creating prefix chain script '/ws/team48/gps_nav/install/setup.bash'
[1.321s] INFO:colcon.colcon_core.shell:Creating prefix script '/ws/team48/gps_nav/install/local_setup.zsh'
[1.322s] INFO:colcon.colcon_core.shell:Creating prefix chain script '/ws/team48/gps_nav/install/setup.zsh'
