-- The C compiler identification is GNU 13.3.0
-- The CXX compiler identification is GNU 13.3.0
-- Detecting C compiler ABI info
-- Detecting C compiler ABI info - done
-- Check for working C compiler: /usr/bin/cc - skipped
-- Detecting C compile features
-- Detecting C compile features - done
-- Detecting CXX compiler ABI info
-- Detecting CXX compiler ABI info - done
-- Check for working CXX compiler: /usr/bin/c++ - skipped
-- Detecting CXX compile features
-- Detecting CXX compile features - done
-- Found ament_cmake: 2.5.6 (/opt/ros/jazzy/share/ament_cmake/cmake)
-- Found Python3: /usr/bin/python3 (found version "3.12.3") found components: Interpreter 
-- Found rosidl_default_generators: 1.6.0 (/opt/ros/jazzy/share/rosidl_default_generators/cmake)
-- Using all available rosidl_typesupport_c: rosidl_typesupport_fastrtps_c;rosidl_typesupport_introspection_c
-- Using all available rosidl_typesupport_cpp: rosidl_typesupport_fastrtps_cpp;rosidl_typesupport_introspection_cpp
-- Found rosidl_adapter: 4.6.7 (/opt/ros/jazzy/share/rosidl_adapter/cmake)
-- Found ament_cmake_ros: 0.12.0 (/opt/ros/jazzy/share/ament_cmake_ros/cmake)
-- Using all available rosidl_typesupport_c: rosidl_typesupport_fastrtps_c;rosidl_typesupport_introspection_c
-- Using all available rosidl_typesupport_cpp: rosidl_typesupport_fastrtps_cpp;rosidl_typesupport_introspection_cpp
-- Found python_cmake_module: 0.11.1 (/opt/ros/jazzy/share/python_cmake_module/cmake)
-- Found PythonExtra: /usr/bin/python3  
-- Found Python3: /usr/bin/python3 (found version "3.12.3") found components: Interpreter Development NumPy Development.Module Development.Embed 
-- Found Python3: /usr/bin/python3 (found version "3.12.3") found components: Interpreter 
-- Configuring done (2.5s)
-- Generating done (0.1s)
-- Build files have been written to: /ws/team48/gps_nav/gps_nav_interfaces/build/gps_nav_interfaces
[  2%] [34m[1mGenerating Rust code for ROS interfaces[0m
[  5%] [34m[1mGenerating type hashes for ROS interfaces[0m
[  5%] Built target ament_cmake_python_copy_gps_nav_interfaces
running egg_info
creating gps_nav_interfaces.egg-info
writing gps_nav_interfaces.egg-info/PKG-INFO
writing dependency_links to gps_nav_interfaces.egg-info/dependency_links.txt
writing top-level names to gps_nav_interfaces.egg-info/top_level.txt
writing manifest file 'gps_nav_interfaces.egg-info/SOURCES.txt'
[  5%] Built target gps_nav_interfaces__rosidl_generator_type_description
reading manifest file 'gps_nav_interfaces.egg-info/SOURCES.txt'
writing manifest file 'gps_nav_interfaces.egg-info/SOURCES.txt'
[  8%] [34m[1mGenerating C code for ROS interfaces[0m
[ 11%] [34m[1mGenerating C++ code for ROS interfaces[0m
[ 11%] Built target ament_cmake_python_build_gps_nav_interfaces_egg
[ 11%] Built target gps_nav_interfaces__rs
[ 11%] Built target gps_nav_interfaces__cpp
[ 17%] [32mBuilding C object CMakeFiles/gps_nav_interfaces__rosidl_generator_c.dir/rosidl_generator_c/gps_nav_interfaces/action/detail/gps_goal__description.c.o[0m
[ 17%] [32mBuilding C object CMakeFiles/gps_nav_interfaces__rosidl_generator_c.dir/rosidl_generator_c/gps_nav_interfaces/action/detail/gps_goal__type_support.c.o[0m
[ 20%] [32mBuilding C object CMakeFiles/gps_nav_interfaces__rosidl_generator_c.dir/rosidl_generator_c/gps_nav_interfaces/action/detail/gps_goal__functions.c.o[0m
[ 22%] [32m[1mLinking C shared library libgps_nav_interfaces__rosidl_generator_c.so[0m
[ 22%] Built target gps_nav_interfaces__rosidl_generator_c
[ 31%] [34m[1mGenerating C introspection for ROS interfaces[0m
[ 31%] [34m[1mGenerating C type support dispatch for ROS interfaces[0m
[ 31%] [34m[1mGenerating C++ type support for eProsima Fast-RTPS[0m
[ 37%] [34m[1mGenerating C++ type support dispatch for ROS interfaces[0m
[ 37%] [34m[1mGenerating C type support for eProsima Fast-RTPS[0m
[ 40%] [34m[1mGenerating C++ introspection for ROS interfaces[0m
[ 42%] [32mBuilding CXX object CMakeFiles/gps_nav_interfaces__rosidl_typesupport_c.dir/rosidl_typesupport_c/gps_nav_interfaces/action/gps_goal__type_support.cpp.o[0m
[ 45%] [32mBuilding C object CMakeFiles/gps_nav_interfaces__rosidl_typesupport_introspection_c.dir/rosidl_typesupport_introspection_c/gps_nav_interfaces/action/detail/gps_goal__type_support.c.o[0m
[ 48%] [32mBuilding CXX object CMakeFiles/gps_nav_interfaces__rosidl_typesupport_cpp.dir/rosidl_typesupport_cpp/gps_nav_interfaces/action/gps_goal__type_support.cpp.o[0m
[ 51%] [32m[1mLinking CXX shared library libgps_nav_interfaces__rosidl_typesupport_c.so[0m
[ 51%] Built target gps_nav_interfaces__rosidl_typesupport_c
[ 54%] [32m[1mLinking C shared library libgps_nav_interfaces__rosidl_typesupport_introspection_c.so[0m
[ 57%] [32mBuilding CXX object CMakeFiles/gps_nav_interfaces__rosidl_typesupport_fastrtps_cpp.dir/rosidl_typesupport_fastrtps_cpp/gps_nav_interfaces/action/detail/dds_fastrtps/gps_goal__type_support.cpp.o[0m
[ 60%] [32mBuilding CXX object CMakeFiles/gps_nav_interfaces__rosidl_typesupport_fastrtps_c.dir/rosidl_typesupport_fastrtps_c/gps_nav_interfaces/action/detail/gps_goal__type_support_c.cpp.o[0m
[ 60%] Built target gps_nav_interfaces__rosidl_typesupport_introspection_c
[ 62%] [32mBuilding CXX object CMakeFiles/gps_nav_interfaces__rosidl_typesupport_introspection_cpp.dir/rosidl_typesupport_introspection_cpp/gps_nav_interfaces/action/detail/gps_goal__type_support.cpp.o[0m
[ 65%] [32m[1mLinking CXX shared library libgps_nav_interfaces__rosidl_typesupport_cpp.so[0m
[ 68%] [32m[1mLinking CXX shared library libgps_nav_interfaces__rosidl_typesupport_fastrtps_c.so[0m
[ 68%] Built target gps_nav_interfaces__rosidl_typesupport_cpp
[ 68%] Built target gps_nav_interfaces__rosidl_typesupport_fastrtps_c
[ 71%] [32m[1mLinking CXX shared library libgps_nav_interfaces__rosidl_typesupport_introspection_cpp.so[0m
[ 71%] Built target gps_nav_interfaces__rosidl_typesupport_introspection_cpp
[ 74%] [32m[1mLinking CXX shared library libgps_nav_interfaces__rosidl_typesupport_fastrtps_cpp.so[0m
[ 74%] Built target gps_nav_interfaces__rosidl_typesupport_fastrtps_cpp
[ 74%] Built target gps_nav_interfaces
[ 77%] [34m[1mGenerating Python code for ROS interfaces[0m
[ 77%] Built target gps_nav_interfaces__py
[ 80%] [32mBuilding C object CMakeFiles/gps_nav_interfaces__rosidl_generator_py.dir/rosidl_generator_py/gps_nav_interfaces/action/_gps_goal_s.c.o[0m
[ 82%] [32m[1mLinking C shared library libgps_nav_interfaces__rosidl_generator_py.so[0m
[ 82%] Built target gps_nav_interfaces__rosidl_generator_py
[ 85%] [32mBuilding C object CMakeFiles/gps_nav_interfaces_s__rosidl_typesupport_c.dir/rosidl_generator_py/gps_nav_interfaces/_gps_nav_interfaces_s.ep.rosidl_typesupport_c.c.o[0m
[ 88%] [32mBuilding C object CMakeFiles/gps_nav_interfaces_s__rosidl_typesupport_introspection_c.dir/rosidl_generator_py/gps_nav_interfaces/_gps_nav_interfaces_s.ep.rosidl_typesupport_introspection_c.c.o[0m
[ 91%] [32mBuilding C object CMakeFiles/gps_nav_interfaces_s__rosidl_typesupport_fastrtps_c.dir/rosidl_generator_py/gps_nav_interfaces/_gps_nav_interfaces_s.ep.rosidl_typesupport_fastrtps_c.c.o[0m
[ 94%] [32m[1mLinking C shared module rosidl_generator_py/gps_nav_interfaces/gps_nav_interfaces_s__rosidl_typesupport_introspection_c.so[0m
[ 97%] [32m[1mLinking C shared module rosidl_generator_py/gps_nav_interfaces/gps_nav_interfaces_s__rosidl_typesupport_c.so[0m
[100%] [32m[1mLinking C shared module rosidl_generator_py/gps_nav_interfaces/gps_nav_interfaces_s__rosidl_typesupport_fastrtps_c.so[0m
[100%] Built target gps_nav_interfaces_s__rosidl_typesupport_c
[100%] Built target gps_nav_interfaces_s__rosidl_typesupport_introspection_c
[100%] Built target gps_nav_interfaces_s__rosidl_typesupport_fastrtps_c
-- Install configuration: ""
-- Installing: /ws/team48/gps_nav/gps_nav_interfaces/install/gps_nav_interfaces/share/ament_index/resource_index/rosidl_interfaces/gps_nav_interfaces
-- Installing: /ws/team48/gps_nav/gps_nav_interfaces/install/gps_nav_interfaces/share/gps_nav_interfaces/action/GpsGoal.json
-- Installing: /ws/team48/gps_nav/gps_nav_interfaces/install/gps_nav_interfaces/include/gps_nav_interfaces/gps_nav_interfaces
-- Installing: /ws/team48/gps_nav/gps_nav_interfaces/install/gps_nav_interfaces/include/gps_nav_interfaces/gps_nav_interfaces/action
-- Installing: /ws/team48/gps_nav/gps_nav_interfaces/install/gps_nav_interfaces/include/gps_nav_interfaces/gps_nav_interfaces/action/detail
-- Installing: /ws/team48/gps_nav/gps_nav_interfaces/install/gps_nav_interfaces/include/gps_nav_interfaces/gps_nav_interfaces/action/detail/gps_goal__description.c
-- Installing: /ws/team48/gps_nav/gps_nav_interfaces/install/gps_nav_interfaces/include/gps_nav_interfaces/gps_nav_interfaces/action/detail/gps_goal__functions.c
-- Installing: /ws/team48/gps_nav/gps_nav_interfaces/install/gps_nav_interfaces/include/gps_nav_interfaces/gps_nav_interfaces/action/detail/gps_goal__functions.h
-- Installing: /ws/team48/gps_nav/gps_nav_interfaces/install/gps_nav_interfaces/include/gps_nav_interfaces/gps_nav_interfaces/action/detail/gps_goal__struct.h
-- Installing: /ws/team48/gps_nav/gps_nav_interfaces/install/gps_nav_interfaces/include/gps_nav_interfaces/gps_nav_interfaces/action/detail/gps_goal__type_support.c
-- Installing: /ws/team48/gps_nav/gps_nav_interfaces/install/gps_nav_interfaces/include/gps_nav_interfaces/gps_nav_interfaces/action/detail/gps_goal__type_support.h
-- Installing: /ws/team48/gps_nav/gps_nav_interfaces/install/gps_nav_interfaces/include/gps_nav_interfaces/gps_nav_interfaces/action/gps_goal.h
-- Installing: /ws/team48/gps_nav/gps_nav_interfaces/install/gps_nav_interfaces/include/gps_nav_interfaces/gps_nav_interfaces/msg
-- Installing: /ws/team48/gps_nav/gps_nav_interfaces/install/gps_nav_interfaces/include/gps_nav_interfaces/gps_nav_interfaces/msg/rosidl_generator_c__visibility_control.h
-- Installing: /ws/team48/gps_nav/gps_nav_interfaces/install/gps_nav_interfaces/share/gps_nav_interfaces/environment/library_path.sh
-- Installing: /ws/team48/gps_nav/gps_nav_interfaces/install/gps_nav_interfaces/share/gps_nav_interfaces/environment/library_path.dsv
-- Installing: /ws/team48/gps_nav/gps_nav_interfaces/install/gps_nav_interfaces/lib/libgps_nav_interfaces__rosidl_generator_c.so
-- Set non-toolchain portion of runtime path of "/ws/team48/gps_nav/gps_nav_interfaces/install/gps_nav_interfaces/lib/libgps_nav_interfaces__rosidl_generator_c.so" to ""
-- Up-to-date: /ws/team48/gps_nav/gps_nav_interfaces/install/gps_nav_interfaces/include/gps_nav_interfaces/gps_nav_interfaces
-- Up-to-date: /ws/team48/gps_nav/gps_nav_interfaces/install/gps_nav_interfaces/include/gps_nav_interfaces/gps_nav_interfaces/action
-- Up-to-date: /ws/team48/gps_nav/gps_nav_interfaces/install/gps_nav_interfaces/include/gps_nav_interfaces/gps_nav_interfaces/action/detail
-- Installing: /ws/team48/gps_nav/gps_nav_interfaces/install/gps_nav_interfaces/include/gps_nav_interfaces/gps_nav_interfaces/action/detail/gps_goal__rosidl_typesupport_fastrtps_c.h
-- Up-to-date: /ws/team48/gps_nav/gps_nav_interfaces/install/gps_nav_interfaces/include/gps_nav_interfaces/gps_nav_interfaces/msg
-- Installing: /ws/team48/gps_nav/gps_nav_interfaces/install/gps_nav_interfaces/include/gps_nav_interfaces/gps_nav_interfaces/msg/rosidl_typesupport_fastrtps_c__visibility_control.h
-- Installing: /ws/team48/gps_nav/gps_nav_interfaces/install/gps_nav_interfaces/lib/libgps_nav_interfaces__rosidl_typesupport_fastrtps_c.so
-- Set non-toolchain portion of runtime path of "/ws/team48/gps_nav/gps_nav_interfaces/install/gps_nav_interfaces/lib/libgps_nav_interfaces__rosidl_typesupport_fastrtps_c.so" to ""
-- Up-to-date: /ws/team48/gps_nav/gps_nav_interfaces/install/gps_nav_interfaces/include/gps_nav_interfaces/gps_nav_interfaces
-- Up-to-date: /ws/team48/gps_nav/gps_nav_interfaces/install/gps_nav_interfaces/include/gps_nav_interfaces/gps_nav_interfaces/action
-- Up-to-date: /ws/team48/gps_nav/gps_nav_interfaces/install/gps_nav_interfaces/include/gps_nav_interfaces/gps_nav_interfaces/action/detail
-- Installing: /ws/team48/gps_nav/gps_nav_interfaces/install/gps_nav_interfaces/include/gps_nav_interfaces/gps_nav_interfaces/action/detail/gps_goal__rosidl_typesupport_introspection_c.h
-- Up-to-date: /ws/team48/gps_nav/gps_nav_interfaces/install/gps_nav_interfaces/include/gps_nav_interfaces/gps_nav_interfaces/action/detail/gps_goal__type_support.c
-- Up-to-date: /ws/team48/gps_nav/gps_nav_interfaces/install/gps_nav_interfaces/include/gps_nav_interfaces/gps_nav_interfaces/msg
-- Installing: /ws/team48/gps_nav/gps_nav_interfaces/install/gps_nav_interfaces/include/gps_nav_interfaces/gps_nav_interfaces/msg/rosidl_typesupport_introspection_c__visibility_control.h
-- Installing: /ws/team48/gps_nav/gps_nav_interfaces/install/gps_nav_interfaces/lib/libgps_nav_interfaces__rosidl_typesupport_introspection_c.so
-- Set non-toolchain portion of runtime path of "/ws/team48/gps_nav/gps_nav_interfaces/install/gps_nav_interfaces/lib/libgps_nav_interfaces__rosidl_typesupport_introspection_c.so" to ""
-- Installing: /ws/team48/gps_nav/gps_nav_interfaces/install/gps_nav_interfaces/lib/libgps_nav_interfaces__rosidl_typesupport_c.so
-- Set non-toolchain portion of runtime path of "/ws/team48/gps_nav/gps_nav_interfaces/install/gps_nav_interfaces/lib/libgps_nav_interfaces__rosidl_typesupport_c.so" to ""
-- Up-to-date: /ws/team48/gps_nav/gps_nav_interfaces/install/gps_nav_interfaces/include/gps_nav_interfaces/gps_nav_interfaces
-- Up-to-date: /ws/team48/gps_nav/gps_nav_interfaces/install/gps_nav_interfaces/include/gps_nav_interfaces/gps_nav_interfaces/action
-- Up-to-date: /ws/team48/gps_nav/gps_nav_interfaces/install/gps_nav_interfaces/include/gps_nav_interfaces/gps_nav_interfaces/action/detail
-- Installing: /ws/team48/gps_nav/gps_nav_interfaces/install/gps_nav_interfaces/include/gps_nav_interfaces/gps_nav_interfaces/action/detail/gps_goal__builder.hpp
-- Installing: /ws/team48/gps_nav/gps_nav_interfaces/install/gps_nav_interfaces/include/gps_nav_interfaces/gps_nav_interfaces/action/detail/gps_goal__struct.hpp
-- Installing: /ws/team48/gps_nav/gps_nav_interfaces/install/gps_nav_interfaces/include/gps_nav_interfaces/gps_nav_interfaces/action/detail/gps_goal__traits.hpp
-- Installing: /ws/team48/gps_nav/gps_nav_interfaces/install/gps_nav_interfaces/include/gps_nav_interfaces/gps_nav_interfaces/action/detail/gps_goal__type_support.hpp
-- Installing: /ws/team48/gps_nav/gps_nav_interfaces/install/gps_nav_interfaces/include/gps_nav_interfaces/gps_nav_interfaces/action/gps_goal.hpp
-- Up-to-date: /ws/team48/gps_nav/gps_nav_interfaces/install/gps_nav_interfaces/include/gps_nav_interfaces/gps_nav_interfaces/msg
-- Installing: /ws/team48/gps_nav/gps_nav_interfaces/install/gps_nav_interfaces/include/gps_nav_interfaces/gps_nav_interfaces/msg/rosidl_generator_cpp__visibility_control.hpp
-- Up-to-date: /ws/team48/gps_nav/gps_nav_interfaces/install/gps_nav_interfaces/include/gps_nav_interfaces/gps_nav_interfaces
-- Up-to-date: /ws/team48/gps_nav/gps_nav_interfaces/install/gps_nav_interfaces/include/gps_nav_interfaces/gps_nav_interfaces/action
-- Up-to-date: /ws/team48/gps_nav/gps_nav_interfaces/install/gps_nav_interfaces/include/gps_nav_interfaces/gps_nav_interfaces/action/detail
-- Installing: /ws/team48/gps_nav/gps_nav_interfaces/install/gps_nav_interfaces/include/gps_nav_interfaces/gps_nav_interfaces/action/detail/dds_fastrtps
-- Installing: /ws/team48/gps_nav/gps_nav_interfaces/install/gps_nav_interfaces/include/gps_nav_interfaces/gps_nav_interfaces/action/detail/gps_goal__rosidl_typesupport_fastrtps_cpp.hpp
-- Up-to-date: /ws/team48/gps_nav/gps_nav_interfaces/install/gps_nav_interfaces/include/gps_nav_interfaces/gps_nav_interfaces/msg
-- Installing: /ws/team48/gps_nav/gps_nav_interfaces/install/gps_nav_interfaces/include/gps_nav_interfaces/gps_nav_interfaces/msg/rosidl_typesupport_fastrtps_cpp__visibility_control.h
-- Installing: /ws/team48/gps_nav/gps_nav_interfaces/install/gps_nav_interfaces/lib/libgps_nav_interfaces__rosidl_typesupport_fastrtps_cpp.so
-- Set non-toolchain portion of runtime path of "/ws/team48/gps_nav/gps_nav_interfaces/install/gps_nav_interfaces/lib/libgps_nav_interfaces__rosidl_typesupport_fastrtps_cpp.so" to ""
-- Up-to-date: /ws/team48/gps_nav/gps_nav_interfaces/install/gps_nav_interfaces/include/gps_nav_interfaces/gps_nav_interfaces
-- Up-to-date: /ws/team48/gps_nav/gps_nav_interfaces/install/gps_nav_interfaces/include/gps_nav_interfaces/gps_nav_interfaces/action
-- Up-to-date: /ws/team48/gps_nav/gps_nav_interfaces/install/gps_nav_interfaces/include/gps_nav_interfaces/gps_nav_interfaces/action/detail
-- Installing: /ws/team48/gps_nav/gps_nav_interfaces/install/gps_nav_interfaces/include/gps_nav_interfaces/gps_nav_interfaces/action/detail/gps_goal__rosidl_typesupport_introspection_cpp.hpp
-- Installing: /ws/team48/gps_nav/gps_nav_interfaces/install/gps_nav_interfaces/include/gps_nav_interfaces/gps_nav_interfaces/action/detail/gps_goal__type_support.cpp
-- Installing: /ws/team48/gps_nav/gps_nav_interfaces/install/gps_nav_interfaces/lib/libgps_nav_interfaces__rosidl_typesupport_introspection_cpp.so
-- Set non-toolchain portion of runtime path of "/ws/team48/gps_nav/gps_nav_interfaces/install/gps_nav_interfaces/lib/libgps_nav_interfaces__rosidl_typesupport_introspection_cpp.so" to ""
-- Installing: /ws/team48/gps_nav/gps_nav_interfaces/install/gps_nav_interfaces/lib/libgps_nav_interfaces__rosidl_typesupport_cpp.so
-- Set non-toolchain portion of runtime path of "/ws/team48/gps_nav/gps_nav_interfaces/install/gps_nav_interfaces/lib/libgps_nav_interfaces__rosidl_typesupport_cpp.so" to ""
-- Installing: /ws/team48/gps_nav/gps_nav_interfaces/install/gps_nav_interfaces/share/gps_nav_interfaces/environment/pythonpath.sh
-- Installing: /ws/team48/gps_nav/gps_nav_interfaces/install/gps_nav_interfaces/share/gps_nav_interfaces/environment/pythonpath.dsv
-- Installing: /ws/team48/gps_nav/gps_nav_interfaces/install/gps_nav_interfaces/lib/python3.12/site-packages/gps_nav_interfaces-0.1.0-py3.12.egg-info
-- Installing: /ws/team48/gps_nav/gps_nav_interfaces/install/gps_nav_interfaces/lib/python3.12/site-packages/gps_nav_interfaces-0.1.0-py3.12.egg-info/dependency_links.txt
-- Installing: /ws/team48/gps_nav/gps_nav_interfaces/install/gps_nav_interfaces/lib/python3.12/site-packages/gps_nav_interfaces-0.1.0-py3.12.egg-info/PKG-INFO
-- Installing: /ws/team48/gps_nav/gps_nav_interfaces/install/gps_nav_interfaces/lib/python3.12/site-packages/gps_nav_interfaces-0.1.0-py3.12.egg-info/SOURCES.txt
-- Installing: /ws/team48/gps_nav/gps_nav_interfaces/install/gps_nav_interfaces/lib/python3.12/site-packages/gps_nav_interfaces-0.1.0-py3.12.egg-info/top_level.txt
-- Installing: /ws/team48/gps_nav/gps_nav_interfaces/install/gps_nav_interfaces/lib/python3.12/site-packages/gps_nav_interfaces
-- Installing: /ws/team48/gps_nav/gps_nav_interfaces/install/gps_nav_interfaces/lib/python3.12/site-packages/gps_nav_interfaces/action
-- Installing: /ws/team48/gps_nav/gps_nav_interfaces/install/gps_nav_interfaces/lib/python3.12/site-packages/gps_nav_interfaces/action/_gps_goal.py
-- Installing: /ws/team48/gps_nav/gps_nav_interfaces/install/gps_nav_interfaces/lib/python3.12/site-packages/gps_nav_interfaces/action/_gps_goal_s.c
-- Installing: /ws/team48/gps_nav/gps_nav_interfaces/install/gps_nav_interfaces/lib/python3.12/site-packages/gps_nav_interfaces/action/__init__.py
-- Installing: /ws/team48/gps_nav/gps_nav_interfaces/install/gps_nav_interfaces/lib/python3.12/site-packages/gps_nav_interfaces/gps_nav_interfaces_s__rosidl_typesupport_c.so
-- Installing: /ws/team48/gps_nav/gps_nav_interfaces/install/gps_nav_interfaces/lib/python3.12/site-packages/gps_nav_interfaces/gps_nav_interfaces_s__rosidl_typesupport_fastrtps_c.so
-- Installing: /ws/team48/gps_nav/gps_nav_interfaces/install/gps_nav_interfaces/lib/python3.12/site-packages/gps_nav_interfaces/gps_nav_interfaces_s__rosidl_typesupport_introspection_c.so
-- Installing: /ws/team48/gps_nav/gps_nav_interfaces/install/gps_nav_interfaces/lib/python3.12/site-packages/gps_nav_interfaces/_gps_nav_interfaces_s.ep.rosidl_typesupport_c.c
-- Installing: /ws/team48/gps_nav/gps_nav_interfaces/install/gps_nav_interfaces/lib/python3.12/site-packages/gps_nav_interfaces/_gps_nav_interfaces_s.ep.rosidl_typesupport_fastrtps_c.c
-- Installing: /ws/team48/gps_nav/gps_nav_interfaces/install/gps_nav_interfaces/lib/python3.12/site-packages/gps_nav_interfaces/_gps_nav_interfaces_s.ep.rosidl_typesupport_introspection_c.c
-- Installing: /ws/team48/gps_nav/gps_nav_interfaces/install/gps_nav_interfaces/lib/python3.12/site-packages/gps_nav_interfaces/__init__.py
Listing '/ws/team48/gps_nav/gps_nav_interfaces/install/gps_nav_interfaces/lib/python3.12/site-packages/gps_nav_interfaces'...
Compiling '/ws/team48/gps_nav/gps_nav_interfaces/install/gps_nav_interfaces/lib/python3.12/site-packages/gps_nav_interfaces/__init__.py'...
Listing '/ws/team48/gps_nav/gps_nav_interfaces/install/gps_nav_interfaces/lib/python3.12/site-packages/gps_nav_interfaces/action'...
Compiling '/ws/team48/gps_nav/gps_nav_interfaces/install/gps_nav_interfaces/lib/python3.12/site-packages/gps_nav_interfaces/action/__init__.py'...
Compiling '/ws/team48/gps_nav/gps_nav_interfaces/install/gps_nav_interfaces/lib/python3.12/site-packages/gps_nav_interfaces/action/_gps_goal.py'...
-- Installing: /ws/team48/gps_nav/gps_nav_interfaces/install/gps_nav_interfaces/lib/python3.12/site-packages/gps_nav_interfaces/gps_nav_interfaces_s__rosidl_typesupport_fastrtps_c.so
-- Set non-toolchain portion of runtime path of "/ws/team48/gps_nav/gps_nav_interfaces/install/gps_nav_interfaces/lib/python3.12/site-packages/gps_nav_interfaces/gps_nav_interfaces_s__rosidl_typesupport_fastrtps_c.so" to ""
-- Installing: /ws/team48/gps_nav/gps_nav_interfaces/install/gps_nav_interfaces/lib/python3.12/site-packages/gps_nav_interfaces/gps_nav_interfaces_s__rosidl_typesupport_introspection_c.so
-- Set non-toolchain portion of runtime path of "/ws/team48/gps_nav/gps_nav_interfaces/install/gps_nav_interfaces/lib/python3.12/site-packages/gps_nav_interfaces/gps_nav_interfaces_s__rosidl_typesupport_introspection_c.so" to ""
-- Installing: /ws/team48/gps_nav/gps_nav_interfaces/install/gps_nav_interfaces/lib/python3.12/site-packages/gps_nav_interfaces/gps_nav_interfaces_s__rosidl_typesupport_c.so
-- Set non-toolchain portion of runtime path of "/ws/team48/gps_nav/gps_nav_interfaces/install/gps_nav_interfaces/lib/python3.12/site-packages/gps_nav_interfaces/gps_nav_interfaces_s__rosidl_typesupport_c.so" to ""
-- Installing: /ws/team48/gps_nav/gps_nav_interfaces/install/gps_nav_interfaces/lib/libgps_nav_interfaces__rosidl_generator_py.so
-- Set non-toolchain portion of runtime path of "/ws/team48/gps_nav/gps_nav_interfaces/install/gps_nav_interfaces/lib/libgps_nav_interfaces__rosidl_generator_py.so" to ""
-- Installing: /ws/team48/gps_nav/gps_nav_interfaces/install/gps_nav_interfaces/share/ament_index/resource_index/rust_packages/gps_nav_interfaces
-- Installing: /ws/team48/gps_nav/gps_nav_interfaces/install/gps_nav_interfaces/share/gps_nav_interfaces/rust
-- Installing: /ws/team48/gps_nav/gps_nav_interfaces/install/gps_nav_interfaces/share/gps_nav_interfaces/rust/build.rs
-- Installing: /ws/team48/gps_nav/gps_nav_interfaces/install/gps_nav_interfaces/share/gps_nav_interfaces/rust/Cargo.toml
-- Installing: /ws/team48/gps_nav/gps_nav_interfaces/install/gps_nav_interfaces/share/gps_nav_interfaces/rust/src
-- Installing: /ws/team48/gps_nav/gps_nav_interfaces/install/gps_nav_interfaces/share/gps_nav_interfaces/rust/src/action
-- Installing: /ws/team48/gps_nav/gps_nav_interfaces/install/gps_nav_interfaces/share/gps_nav_interfaces/rust/src/action/rmw.rs
-- Installing: /ws/team48/gps_nav/gps_nav_interfaces/install/gps_nav_interfaces/share/gps_nav_interfaces/rust/src/action.rs
-- Installing: /ws/team48/gps_nav/gps_nav_interfaces/install/gps_nav_interfaces/share/gps_nav_interfaces/rust/src/lib.rs
-- Installing: /ws/team48/gps_nav/gps_nav_interfaces/install/gps_nav_interfaces/share/gps_nav_interfaces/action/GpsGoal.idl
-- Installing: /ws/team48/gps_nav/gps_nav_interfaces/install/gps_nav_interfaces/share/gps_nav_interfaces/action/GpsGoal.action
-- Installing: /ws/team48/gps_nav/gps_nav_interfaces/install/gps_nav_interfaces/share/ament_index/resource_index/package_run_dependencies/gps_nav_interfaces
-- Installing: /ws/team48/gps_nav/gps_nav_interfaces/install/gps_nav_interfaces/share/ament_index/resource_index/parent_prefix_path/gps_nav_interfaces
-- Installing: /ws/team48/gps_nav/gps_nav_interfaces/install/gps_nav_interfaces/share/gps_nav_interfaces/environment/ament_prefix_path.sh
-- Installing: /ws/team48/gps_nav/gps_nav_interfaces/install/gps_nav_interfaces/share/gps_nav_interfaces/environment/ament_prefix_path.dsv
-- Installing: /ws/team48/gps_nav/gps_nav_interfaces/install/gps_nav_interfaces/share/gps_nav_interfaces/environment/path.sh
-- Installing: /ws/team48/gps_nav/gps_nav_interfaces/install/gps_nav_interfaces/share/gps_nav_interfaces/environment/path.dsv
-- Installing: /ws/team48/gps_nav/gps_nav_interfaces/install/gps_nav_interfaces/share/gps_nav_interfaces/local_setup.bash
-- Installing: /ws/team48/gps_nav/gps_nav_interfaces/install/gps_nav_interfaces/share/gps_nav_interfaces/local_setup.sh
-- Installing: /ws/team48/gps_nav/gps_nav_interfaces/install/gps_nav_interfaces/share/gps_nav_interfaces/local_setup.zsh
-- Installing: /ws/team48/gps_nav/gps_nav_interfaces/install/gps_nav_interfaces/share/gps_nav_interfaces/local_setup.dsv
-- Installing: /ws/team48/gps_nav/gps_nav_interfaces/install/gps_nav_interfaces/share/gps_nav_interfaces/package.dsv
-- Installing: /ws/team48/gps_nav/gps_nav_interfaces/install/gps_nav_interfaces/share/ament_index/resource_index/packages/gps_nav_interfaces
-- Installing: /ws/team48/gps_nav/gps_nav_interfaces/install/gps_nav_interfaces/share/gps_nav_interfaces/cmake/export_gps_nav_interfaces__rosidl_generator_cExport.cmake
-- Installing: /ws/team48/gps_nav/gps_nav_interfaces/install/gps_nav_interfaces/share/gps_nav_interfaces/cmake/export_gps_nav_interfaces__rosidl_generator_cExport-noconfig.cmake
-- Installing: /ws/team48/gps_nav/gps_nav_interfaces/install/gps_nav_interfaces/share/gps_nav_interfaces/cmake/export_gps_nav_interfaces__rosidl_typesupport_fastrtps_cExport.cmake
-- Installing: /ws/team48/gps_nav/gps_nav_interfaces/install/gps_nav_interfaces/share/gps_nav_interfaces/cmake/export_gps_nav_interfaces__rosidl_typesupport_fastrtps_cExport-noconfig.cmake
-- Installing: /ws/team48/gps_nav/gps_nav_interfaces/install/gps_nav_interfaces/share/gps_nav_interfaces/cmake/gps_nav_interfaces__rosidl_typesupport_introspection_cExport.cmake
-- Installing: /ws/team48/gps_nav/gps_nav_interfaces/install/gps_nav_interfaces/share/gps_nav_interfaces/cmake/gps_nav_interfaces__rosidl_typesupport_introspection_cExport-noconfig.cmake
-- Installing: /ws/team48/gps_nav/gps_nav_interfaces/install/gps_nav_interfaces/share/gps_nav_interfaces/cmake/gps_nav_interfaces__rosidl_typesupport_cExport.cmake
-- Installing: /ws/team48/gps_nav/gps_nav_interfaces/install/gps_nav_interfaces/share/gps_nav_interfaces/cmake/gps_nav_interfaces__rosidl_typesupport_cExport-noconfig.cmake
-- Installing: /ws/team48/gps_nav/gps_nav_interfaces/install/gps_nav_interfaces/share/gps_nav_interfaces/cmake/export_gps_nav_interfaces__rosidl_generator_cppExport.cmake
-- Installing: /ws/team48/gps_nav/gps_nav_interfaces/install/gps_nav_interfaces/share/gps_nav_interfaces/cmake/export_gps_nav_interfaces__rosidl_typesupport_fastrtps_cppExport.cmake
-- Installing: /ws/team48/gps_nav/gps_nav_interfaces/install/gps_nav_interfaces/share/gps_nav_interfaces/cmake/export_gps_nav_interfaces__rosidl_typesupport_fastrtps_cppExport-noconfig.cmake
-- Installing: /ws/team48/gps_nav/gps_nav_interfaces/install/gps_nav_interfaces/share/gps_nav_interfaces/cmake/gps_nav_interfaces__rosidl_typesupport_introspection_cppExport.cmake
-- Installing: /ws/team48/gps_nav/gps_nav_interfaces/install/gps_nav_interfaces/share/gps_nav_interfaces/cmake/gps_nav_interfaces__rosidl_typesupport_introspection_cppExport-noconfig.cmake
-- Installing: /ws/team48/gps_nav/gps_nav_interfaces/install/gps_nav_interfaces/share/gps_nav_interfaces/cmake/gps_nav_interfaces__rosidl_typesupport_cppExport.cmake
-- Installing: /ws/team48/gps_nav/gps_nav_interfaces/install/gps_nav_interfaces/share/gps_nav_interfaces/cmake/gps_nav_interfaces__rosidl_typesupport_cppExport-noconfig.cmake
-- Installing: /ws/team48/gps_nav/gps_nav_interfaces/install/gps_nav_interfaces/share/gps_nav_interfaces/cmake/export_gps_nav_interfaces__rosidl_generator_pyExport.cmake
-- Installing: /ws/team48/gps_nav/gps_nav_interfaces/install/gps_nav_interfaces/share/gps_nav_interfaces/cmake/export_gps_nav_interfaces__rosidl_generator_pyExport-noconfig.cmake
-- Installing: /ws/team48/gps_nav/gps_nav_interfaces/install/gps_nav_interfaces/share/gps_nav_interfaces/cmake/rosidl_cmake-extras.cmake
-- Installing: /ws/team48/gps_nav/gps_nav_interfaces/install/gps_nav_interfaces/share/gps_nav_interfaces/cmake/ament_cmake_export_dependencies-extras.cmake
-- Installing: /ws/team48/gps_nav/gps_nav_interfaces/install/gps_nav_interfaces/share/gps_nav_interfaces/cmake/ament_cmake_export_include_directories-extras.cmake
-- Installing: /ws/team48/gps_nav/gps_nav_interfaces/install/gps_nav_interfaces/share/gps_nav_interfaces/cmake/ament_cmake_export_libraries-extras.cmake
-- Installing: /ws/team48/gps_nav/gps_nav_interfaces/install/gps_nav_interfaces/share/gps_nav_interfaces/cmake/ament_cmake_export_targets-extras.cmake
-- Installing: /ws/team48/gps_nav/gps_nav_interfaces/install/gps_nav_interfaces/share/gps_nav_interfaces/cmake/rosidl_cmake_export_typesupport_targets-extras.cmake
-- Installing: /ws/team48/gps_nav/gps_nav_interfaces/install/gps_nav_interfaces/share/gps_nav_interfaces/cmake/rosidl_cmake_export_typesupport_libraries-extras.cmake
-- Installing: /ws/team48/gps_nav/gps_nav_interfaces/install/gps_nav_interfaces/share/gps_nav_interfaces/cmake/gps_nav_interfacesConfig.cmake
-- Installing: /ws/team48/gps_nav/gps_nav_interfaces/install/gps_nav_interfaces/share/gps_nav_interfaces/cmake/gps_nav_interfacesConfig-version.cmake
-- Installing: /ws/team48/gps_nav/gps_nav_interfaces/install/gps_nav_interfaces/share/gps_nav_interfaces/package.xml
