[0.021s] Invoking command in '/ws/team48/gps_nav/gps_nav_interfaces/build/gps_nav_interfaces': /usr/bin/cmake /ws/team48/gps_nav/gps_nav_interfaces -DCATKIN_INSTALL_INTO_PREFIX_ROOT=0 -DCMAKE_INSTALL_PREFIX=/ws/team48/gps_nav/gps_nav_interfaces/install/gps_nav_interfaces
[0.072s] -- The C compiler identification is GNU 13.3.0
[0.115s] -- The CXX compiler identification is GNU 13.3.0
[0.128s] -- Detecting C compiler ABI info
[0.204s] -- Detecting C compiler ABI info - done
[0.217s] -- Check for working C compiler: /usr/bin/cc - skipped
[0.217s] -- Detecting C compile features
[0.217s] -- Detecting C compile features - done
[0.226s] -- Detecting CXX compiler ABI info
[0.341s] -- Detecting CXX compiler ABI info - done
[0.353s] -- Check for working CXX compiler: /usr/bin/c++ - skipped
[0.354s] -- Detecting CXX compile features
[0.354s] -- Detecting CXX compile features - done
[0.358s] -- Found ament_cmake: 2.5.6 (/opt/ros/jazzy/share/ament_cmake/cmake)
[0.467s] -- Found Python3: /usr/bin/python3 (found version "3.12.3") found components: Interpreter 
[0.574s] -- Found rosidl_default_generators: 1.6.0 (/opt/ros/jazzy/share/rosidl_default_generators/cmake)
[0.583s] -- Using all available rosidl_typesupport_c: rosidl_typesupport_fastrtps_c;rosidl_typesupport_introspection_c
[0.644s] -- Using all available rosidl_typesupport_cpp: rosidl_typesupport_fastrtps_cpp;rosidl_typesupport_introspection_cpp
[0.697s] -- Found rosidl_adapter: 4.6.7 (/opt/ros/jazzy/share/rosidl_adapter/cmake)
[1.214s] -- Found ament_cmake_ros: 0.12.0 (/opt/ros/jazzy/share/ament_cmake_ros/cmake)
[1.557s] -- Using all available rosidl_typesupport_c: rosidl_typesupport_fastrtps_c;rosidl_typesupport_introspection_c
[1.976s] -- Using all available rosidl_typesupport_cpp: rosidl_typesupport_fastrtps_cpp;rosidl_typesupport_introspection_cpp
[1.981s] -- Found python_cmake_module: 0.11.1 (/opt/ros/jazzy/share/python_cmake_module/cmake)
[2.079s] -- Found PythonExtra: /usr/bin/python3  
[2.397s] -- Found Python3: /usr/bin/python3 (found version "3.12.3") found components: Interpreter Development NumPy Development.Module Development.Embed 
[2.474s] -- Found Python3: /usr/bin/python3 (found version "3.12.3") found components: Interpreter 
[2.497s] -- Configuring done (2.5s)
[2.597s] -- Generating done (0.1s)
[2.605s] [33mCMake Warning:
[2.605s]   Manually-specified variables were not used by the project:
[2.606s] 
[2.606s]     CATKIN_INSTALL_INTO_PREFIX_ROOT
[2.606s] 
[2.606s] [0m
[2.623s] -- Build files have been written to: /ws/team48/gps_nav/gps_nav_interfaces/build/gps_nav_interfaces
[2.629s] Invoked command in '/ws/team48/gps_nav/gps_nav_interfaces/build/gps_nav_interfaces' returned '0': /usr/bin/cmake /ws/team48/gps_nav/gps_nav_interfaces -DCATKIN_INSTALL_INTO_PREFIX_ROOT=0 -DCMAKE_INSTALL_PREFIX=/ws/team48/gps_nav/gps_nav_interfaces/install/gps_nav_interfaces
[2.630s] Invoking command in '/ws/team48/gps_nav/gps_nav_interfaces/build/gps_nav_interfaces': /usr/bin/cmake --build /ws/team48/gps_nav/gps_nav_interfaces/build/gps_nav_interfaces -- -j16 -l16
[2.679s] [  2%] [34m[1mGenerating Rust code for ROS interfaces[0m
[2.679s] [  5%] [34m[1mGenerating type hashes for ROS interfaces[0m
[2.685s] [  5%] Built target ament_cmake_python_copy_gps_nav_interfaces
[2.841s] running egg_info
[2.841s] creating gps_nav_interfaces.egg-info
[2.854s] writing gps_nav_interfaces.egg-info/PKG-INFO
[2.854s] writing dependency_links to gps_nav_interfaces.egg-info/dependency_links.txt
[2.855s] writing top-level names to gps_nav_interfaces.egg-info/top_level.txt
[2.855s] writing manifest file 'gps_nav_interfaces.egg-info/SOURCES.txt'
[2.880s] [  5%] Built target gps_nav_interfaces__rosidl_generator_type_description
[2.890s] reading manifest file 'gps_nav_interfaces.egg-info/SOURCES.txt'
[2.891s] writing manifest file 'gps_nav_interfaces.egg-info/SOURCES.txt'
[2.892s] [  8%] [34m[1mGenerating C code for ROS interfaces[0m
[2.905s] [ 11%] [34m[1mGenerating C++ code for ROS interfaces[0m
[2.917s] [ 11%] Built target ament_cmake_python_build_gps_nav_interfaces_egg
[2.917s] [ 11%] Built target gps_nav_interfaces__rs
[3.225s] [ 11%] Built target gps_nav_interfaces__cpp
[3.240s] [ 17%] [32mBuilding C object CMakeFiles/gps_nav_interfaces__rosidl_generator_c.dir/rosidl_generator_c/gps_nav_interfaces/action/detail/gps_goal__description.c.o[0m
[3.241s] [ 17%] [32mBuilding C object CMakeFiles/gps_nav_interfaces__rosidl_generator_c.dir/rosidl_generator_c/gps_nav_interfaces/action/detail/gps_goal__type_support.c.o[0m
[3.241s] [ 20%] [32mBuilding C object CMakeFiles/gps_nav_interfaces__rosidl_generator_c.dir/rosidl_generator_c/gps_nav_interfaces/action/detail/gps_goal__functions.c.o[0m
[3.364s] [ 22%] [32m[1mLinking C shared library libgps_nav_interfaces__rosidl_generator_c.so[0m
[3.401s] [ 22%] Built target gps_nav_interfaces__rosidl_generator_c
[3.413s] [ 31%] [34m[1mGenerating C introspection for ROS interfaces[0m
[3.414s] [ 31%] [34m[1mGenerating C type support dispatch for ROS interfaces[0m
[3.415s] [ 31%] [34m[1mGenerating C++ type support for eProsima Fast-RTPS[0m
[3.415s] [ 37%] [34m[1mGenerating C++ type support dispatch for ROS interfaces[0m
[3.416s] [ 37%] [34m[1mGenerating C type support for eProsima Fast-RTPS[0m
[3.416s] [ 40%] [34m[1mGenerating C++ introspection for ROS interfaces[0m
[3.673s] [ 42%] [32mBuilding CXX object CMakeFiles/gps_nav_interfaces__rosidl_typesupport_c.dir/rosidl_typesupport_c/gps_nav_interfaces/action/gps_goal__type_support.cpp.o[0m
[3.721s] [ 45%] [32mBuilding C object CMakeFiles/gps_nav_interfaces__rosidl_typesupport_introspection_c.dir/rosidl_typesupport_introspection_c/gps_nav_interfaces/action/detail/gps_goal__type_support.c.o[0m
[3.728s] [ 48%] [32mBuilding CXX object CMakeFiles/gps_nav_interfaces__rosidl_typesupport_cpp.dir/rosidl_typesupport_cpp/gps_nav_interfaces/action/gps_goal__type_support.cpp.o[0m
[3.740s] [ 51%] [32m[1mLinking CXX shared library libgps_nav_interfaces__rosidl_typesupport_c.so[0m
[3.787s] [ 51%] Built target gps_nav_interfaces__rosidl_typesupport_c
[3.792s] [ 54%] [32m[1mLinking C shared library libgps_nav_interfaces__rosidl_typesupport_introspection_c.so[0m
[3.805s] [ 57%] [32mBuilding CXX object CMakeFiles/gps_nav_interfaces__rosidl_typesupport_fastrtps_cpp.dir/rosidl_typesupport_fastrtps_cpp/gps_nav_interfaces/action/detail/dds_fastrtps/gps_goal__type_support.cpp.o[0m
[3.816s] [ 60%] [32mBuilding CXX object CMakeFiles/gps_nav_interfaces__rosidl_typesupport_fastrtps_c.dir/rosidl_typesupport_fastrtps_c/gps_nav_interfaces/action/detail/gps_goal__type_support_c.cpp.o[0m
[3.831s] [ 60%] Built target gps_nav_interfaces__rosidl_typesupport_introspection_c
[3.860s] [ 62%] [32mBuilding CXX object CMakeFiles/gps_nav_interfaces__rosidl_typesupport_introspection_cpp.dir/rosidl_typesupport_introspection_cpp/gps_nav_interfaces/action/detail/gps_goal__type_support.cpp.o[0m
[4.247s] [ 65%] [32m[1mLinking CXX shared library libgps_nav_interfaces__rosidl_typesupport_cpp.so[0m
[4.253s] [ 68%] [32m[1mLinking CXX shared library libgps_nav_interfaces__rosidl_typesupport_fastrtps_c.so[0m
[4.326s] [ 68%] Built target gps_nav_interfaces__rosidl_typesupport_cpp
[4.332s] [ 68%] Built target gps_nav_interfaces__rosidl_typesupport_fastrtps_c
[4.395s] [ 71%] [32m[1mLinking CXX shared library libgps_nav_interfaces__rosidl_typesupport_introspection_cpp.so[0m
[4.461s] [ 71%] Built target gps_nav_interfaces__rosidl_typesupport_introspection_cpp
[4.510s] [ 74%] [32m[1mLinking CXX shared library libgps_nav_interfaces__rosidl_typesupport_fastrtps_cpp.so[0m
[4.570s] [ 74%] Built target gps_nav_interfaces__rosidl_typesupport_fastrtps_cpp
[4.585s] [ 74%] Built target gps_nav_interfaces
[4.601s] [ 77%] [34m[1mGenerating Python code for ROS interfaces[0m
[5.106s] [ 77%] Built target gps_nav_interfaces__py
[5.122s] [ 80%] [32mBuilding C object CMakeFiles/gps_nav_interfaces__rosidl_generator_py.dir/rosidl_generator_py/gps_nav_interfaces/action/_gps_goal_s.c.o[0m
[5.272s] [ 82%] [32m[1mLinking C shared library libgps_nav_interfaces__rosidl_generator_py.so[0m
[5.307s] [ 82%] Built target gps_nav_interfaces__rosidl_generator_py
[5.325s] [ 85%] [32mBuilding C object CMakeFiles/gps_nav_interfaces_s__rosidl_typesupport_c.dir/rosidl_generator_py/gps_nav_interfaces/_gps_nav_interfaces_s.ep.rosidl_typesupport_c.c.o[0m
[5.325s] [ 88%] [32mBuilding C object CMakeFiles/gps_nav_interfaces_s__rosidl_typesupport_introspection_c.dir/rosidl_generator_py/gps_nav_interfaces/_gps_nav_interfaces_s.ep.rosidl_typesupport_introspection_c.c.o[0m
[5.326s] [ 91%] [32mBuilding C object CMakeFiles/gps_nav_interfaces_s__rosidl_typesupport_fastrtps_c.dir/rosidl_generator_py/gps_nav_interfaces/_gps_nav_interfaces_s.ep.rosidl_typesupport_fastrtps_c.c.o[0m
[5.411s] [ 94%] [32m[1mLinking C shared module rosidl_generator_py/gps_nav_interfaces/gps_nav_interfaces_s__rosidl_typesupport_introspection_c.so[0m
[5.412s] [ 97%] [32m[1mLinking C shared module rosidl_generator_py/gps_nav_interfaces/gps_nav_interfaces_s__rosidl_typesupport_c.so[0m
[5.430s] [100%] [32m[1mLinking C shared module rosidl_generator_py/gps_nav_interfaces/gps_nav_interfaces_s__rosidl_typesupport_fastrtps_c.so[0m
[5.444s] [100%] Built target gps_nav_interfaces_s__rosidl_typesupport_c
[5.444s] [100%] Built target gps_nav_interfaces_s__rosidl_typesupport_introspection_c
[5.461s] [100%] Built target gps_nav_interfaces_s__rosidl_typesupport_fastrtps_c
[5.470s] Invoked command in '/ws/team48/gps_nav/gps_nav_interfaces/build/gps_nav_interfaces' returned '0': /usr/bin/cmake --build /ws/team48/gps_nav/gps_nav_interfaces/build/gps_nav_interfaces -- -j16 -l16
[5.480s] Invoking command in '/ws/team48/gps_nav/gps_nav_interfaces/build/gps_nav_interfaces': /usr/bin/cmake --install /ws/team48/gps_nav/gps_nav_interfaces/build/gps_nav_interfaces
[5.487s] -- Install configuration: ""
[5.488s] -- Installing: /ws/team48/gps_nav/gps_nav_interfaces/install/gps_nav_interfaces/share/ament_index/resource_index/rosidl_interfaces/gps_nav_interfaces
[5.489s] -- Installing: /ws/team48/gps_nav/gps_nav_interfaces/install/gps_nav_interfaces/share/gps_nav_interfaces/action/GpsGoal.json
[5.489s] -- Installing: /ws/team48/gps_nav/gps_nav_interfaces/install/gps_nav_interfaces/include/gps_nav_interfaces/gps_nav_interfaces
[5.490s] -- Installing: /ws/team48/gps_nav/gps_nav_interfaces/install/gps_nav_interfaces/include/gps_nav_interfaces/gps_nav_interfaces/action
[5.490s] -- Installing: /ws/team48/gps_nav/gps_nav_interfaces/install/gps_nav_interfaces/include/gps_nav_interfaces/gps_nav_interfaces/action/detail
[5.490s] -- Installing: /ws/team48/gps_nav/gps_nav_interfaces/install/gps_nav_interfaces/include/gps_nav_interfaces/gps_nav_interfaces/action/detail/gps_goal__description.c
[5.491s] -- Installing: /ws/team48/gps_nav/gps_nav_interfaces/install/gps_nav_interfaces/include/gps_nav_interfaces/gps_nav_interfaces/action/detail/gps_goal__functions.c
[5.492s] -- Installing: /ws/team48/gps_nav/gps_nav_interfaces/install/gps_nav_interfaces/include/gps_nav_interfaces/gps_nav_interfaces/action/detail/gps_goal__functions.h
[5.492s] -- Installing: /ws/team48/gps_nav/gps_nav_interfaces/install/gps_nav_interfaces/include/gps_nav_interfaces/gps_nav_interfaces/action/detail/gps_goal__struct.h
[5.493s] -- Installing: /ws/team48/gps_nav/gps_nav_interfaces/install/gps_nav_interfaces/include/gps_nav_interfaces/gps_nav_interfaces/action/detail/gps_goal__type_support.c
[5.493s] -- Installing: /ws/team48/gps_nav/gps_nav_interfaces/install/gps_nav_interfaces/include/gps_nav_interfaces/gps_nav_interfaces/action/detail/gps_goal__type_support.h
[5.493s] -- Installing: /ws/team48/gps_nav/gps_nav_interfaces/install/gps_nav_interfaces/include/gps_nav_interfaces/gps_nav_interfaces/action/gps_goal.h
[5.494s] -- Installing: /ws/team48/gps_nav/gps_nav_interfaces/install/gps_nav_interfaces/include/gps_nav_interfaces/gps_nav_interfaces/msg
[5.494s] -- Installing: /ws/team48/gps_nav/gps_nav_interfaces/install/gps_nav_interfaces/include/gps_nav_interfaces/gps_nav_interfaces/msg/rosidl_generator_c__visibility_control.h
[5.494s] -- Installing: /ws/team48/gps_nav/gps_nav_interfaces/install/gps_nav_interfaces/share/gps_nav_interfaces/environment/library_path.sh
[5.495s] -- Installing: /ws/team48/gps_nav/gps_nav_interfaces/install/gps_nav_interfaces/share/gps_nav_interfaces/environment/library_path.dsv
[5.495s] -- Installing: /ws/team48/gps_nav/gps_nav_interfaces/install/gps_nav_interfaces/lib/libgps_nav_interfaces__rosidl_generator_c.so
[5.496s] -- Set non-toolchain portion of runtime path of "/ws/team48/gps_nav/gps_nav_interfaces/install/gps_nav_interfaces/lib/libgps_nav_interfaces__rosidl_generator_c.so" to ""
[5.496s] -- Up-to-date: /ws/team48/gps_nav/gps_nav_interfaces/install/gps_nav_interfaces/include/gps_nav_interfaces/gps_nav_interfaces
[5.496s] -- Up-to-date: /ws/team48/gps_nav/gps_nav_interfaces/install/gps_nav_interfaces/include/gps_nav_interfaces/gps_nav_interfaces/action
[5.496s] -- Up-to-date: /ws/team48/gps_nav/gps_nav_interfaces/install/gps_nav_interfaces/include/gps_nav_interfaces/gps_nav_interfaces/action/detail
[5.497s] -- Installing: /ws/team48/gps_nav/gps_nav_interfaces/install/gps_nav_interfaces/include/gps_nav_interfaces/gps_nav_interfaces/action/detail/gps_goal__rosidl_typesupport_fastrtps_c.h
[5.497s] -- Up-to-date: /ws/team48/gps_nav/gps_nav_interfaces/install/gps_nav_interfaces/include/gps_nav_interfaces/gps_nav_interfaces/msg
[5.497s] -- Installing: /ws/team48/gps_nav/gps_nav_interfaces/install/gps_nav_interfaces/include/gps_nav_interfaces/gps_nav_interfaces/msg/rosidl_typesupport_fastrtps_c__visibility_control.h
[5.497s] -- Installing: /ws/team48/gps_nav/gps_nav_interfaces/install/gps_nav_interfaces/lib/libgps_nav_interfaces__rosidl_typesupport_fastrtps_c.so
[5.498s] -- Set non-toolchain portion of runtime path of "/ws/team48/gps_nav/gps_nav_interfaces/install/gps_nav_interfaces/lib/libgps_nav_interfaces__rosidl_typesupport_fastrtps_c.so" to ""
[5.498s] -- Up-to-date: /ws/team48/gps_nav/gps_nav_interfaces/install/gps_nav_interfaces/include/gps_nav_interfaces/gps_nav_interfaces
[5.498s] -- Up-to-date: /ws/team48/gps_nav/gps_nav_interfaces/install/gps_nav_interfaces/include/gps_nav_interfaces/gps_nav_interfaces/action
[5.498s] -- Up-to-date: /ws/team48/gps_nav/gps_nav_interfaces/install/gps_nav_interfaces/include/gps_nav_interfaces/gps_nav_interfaces/action/detail
[5.498s] -- Installing: /ws/team48/gps_nav/gps_nav_interfaces/install/gps_nav_interfaces/include/gps_nav_interfaces/gps_nav_interfaces/action/detail/gps_goal__rosidl_typesupport_introspection_c.h
[5.499s] -- Up-to-date: /ws/team48/gps_nav/gps_nav_interfaces/install/gps_nav_interfaces/include/gps_nav_interfaces/gps_nav_interfaces/action/detail/gps_goal__type_support.c
[5.499s] -- Up-to-date: /ws/team48/gps_nav/gps_nav_interfaces/install/gps_nav_interfaces/include/gps_nav_interfaces/gps_nav_interfaces/msg
[5.499s] -- Installing: /ws/team48/gps_nav/gps_nav_interfaces/install/gps_nav_interfaces/include/gps_nav_interfaces/gps_nav_interfaces/msg/rosidl_typesupport_introspection_c__visibility_control.h
[5.499s] -- Installing: /ws/team48/gps_nav/gps_nav_interfaces/install/gps_nav_interfaces/lib/libgps_nav_interfaces__rosidl_typesupport_introspection_c.so
[5.500s] -- Set non-toolchain portion of runtime path of "/ws/team48/gps_nav/gps_nav_interfaces/install/gps_nav_interfaces/lib/libgps_nav_interfaces__rosidl_typesupport_introspection_c.so" to ""
[5.500s] -- Installing: /ws/team48/gps_nav/gps_nav_interfaces/install/gps_nav_interfaces/lib/libgps_nav_interfaces__rosidl_typesupport_c.so
[5.501s] -- Set non-toolchain portion of runtime path of "/ws/team48/gps_nav/gps_nav_interfaces/install/gps_nav_interfaces/lib/libgps_nav_interfaces__rosidl_typesupport_c.so" to ""
[5.501s] -- Up-to-date: /ws/team48/gps_nav/gps_nav_interfaces/install/gps_nav_interfaces/include/gps_nav_interfaces/gps_nav_interfaces
[5.501s] -- Up-to-date: /ws/team48/gps_nav/gps_nav_interfaces/install/gps_nav_interfaces/include/gps_nav_interfaces/gps_nav_interfaces/action
[5.501s] -- Up-to-date: /ws/team48/gps_nav/gps_nav_interfaces/install/gps_nav_interfaces/include/gps_nav_interfaces/gps_nav_interfaces/action/detail
[5.501s] -- Installing: /ws/team48/gps_nav/gps_nav_interfaces/install/gps_nav_interfaces/include/gps_nav_interfaces/gps_nav_interfaces/action/detail/gps_goal__builder.hpp
[5.501s] -- Installing: /ws/team48/gps_nav/gps_nav_interfaces/install/gps_nav_interfaces/include/gps_nav_interfaces/gps_nav_interfaces/action/detail/gps_goal__struct.hpp
[5.502s] -- Installing: /ws/team48/gps_nav/gps_nav_interfaces/install/gps_nav_interfaces/include/gps_nav_interfaces/gps_nav_interfaces/action/detail/gps_goal__traits.hpp
[5.502s] -- Installing: /ws/team48/gps_nav/gps_nav_interfaces/install/gps_nav_interfaces/include/gps_nav_interfaces/gps_nav_interfaces/action/detail/gps_goal__type_support.hpp
[5.502s] -- Installing: /ws/team48/gps_nav/gps_nav_interfaces/install/gps_nav_interfaces/include/gps_nav_interfaces/gps_nav_interfaces/action/gps_goal.hpp
[5.502s] -- Up-to-date: /ws/team48/gps_nav/gps_nav_interfaces/install/gps_nav_interfaces/include/gps_nav_interfaces/gps_nav_interfaces/msg
[5.503s] -- Installing: /ws/team48/gps_nav/gps_nav_interfaces/install/gps_nav_interfaces/include/gps_nav_interfaces/gps_nav_interfaces/msg/rosidl_generator_cpp__visibility_control.hpp
[5.503s] -- Up-to-date: /ws/team48/gps_nav/gps_nav_interfaces/install/gps_nav_interfaces/include/gps_nav_interfaces/gps_nav_interfaces
[5.503s] -- Up-to-date: /ws/team48/gps_nav/gps_nav_interfaces/install/gps_nav_interfaces/include/gps_nav_interfaces/gps_nav_interfaces/action
[5.503s] -- Up-to-date: /ws/team48/gps_nav/gps_nav_interfaces/install/gps_nav_interfaces/include/gps_nav_interfaces/gps_nav_interfaces/action/detail
[5.503s] -- Installing: /ws/team48/gps_nav/gps_nav_interfaces/install/gps_nav_interfaces/include/gps_nav_interfaces/gps_nav_interfaces/action/detail/dds_fastrtps
[5.503s] -- Installing: /ws/team48/gps_nav/gps_nav_interfaces/install/gps_nav_interfaces/include/gps_nav_interfaces/gps_nav_interfaces/action/detail/gps_goal__rosidl_typesupport_fastrtps_cpp.hpp
[5.503s] -- Up-to-date: /ws/team48/gps_nav/gps_nav_interfaces/install/gps_nav_interfaces/include/gps_nav_interfaces/gps_nav_interfaces/msg
[5.504s] -- Installing: /ws/team48/gps_nav/gps_nav_interfaces/install/gps_nav_interfaces/include/gps_nav_interfaces/gps_nav_interfaces/msg/rosidl_typesupport_fastrtps_cpp__visibility_control.h
[5.504s] -- Installing: /ws/team48/gps_nav/gps_nav_interfaces/install/gps_nav_interfaces/lib/libgps_nav_interfaces__rosidl_typesupport_fastrtps_cpp.so
[5.505s] -- Set non-toolchain portion of runtime path of "/ws/team48/gps_nav/gps_nav_interfaces/install/gps_nav_interfaces/lib/libgps_nav_interfaces__rosidl_typesupport_fastrtps_cpp.so" to ""
[5.505s] -- Up-to-date: /ws/team48/gps_nav/gps_nav_interfaces/install/gps_nav_interfaces/include/gps_nav_interfaces/gps_nav_interfaces
[5.505s] -- Up-to-date: /ws/team48/gps_nav/gps_nav_interfaces/install/gps_nav_interfaces/include/gps_nav_interfaces/gps_nav_interfaces/action
[5.506s] -- Up-to-date: /ws/team48/gps_nav/gps_nav_interfaces/install/gps_nav_interfaces/include/gps_nav_interfaces/gps_nav_interfaces/action/detail
[5.506s] -- Installing: /ws/team48/gps_nav/gps_nav_interfaces/install/gps_nav_interfaces/include/gps_nav_interfaces/gps_nav_interfaces/action/detail/gps_goal__rosidl_typesupport_introspection_cpp.hpp
[5.506s] -- Installing: /ws/team48/gps_nav/gps_nav_interfaces/install/gps_nav_interfaces/include/gps_nav_interfaces/gps_nav_interfaces/action/detail/gps_goal__type_support.cpp
[5.506s] -- Installing: /ws/team48/gps_nav/gps_nav_interfaces/install/gps_nav_interfaces/lib/libgps_nav_interfaces__rosidl_typesupport_introspection_cpp.so
[5.508s] -- Set non-toolchain portion of runtime path of "/ws/team48/gps_nav/gps_nav_interfaces/install/gps_nav_interfaces/lib/libgps_nav_interfaces__rosidl_typesupport_introspection_cpp.so" to ""
[5.508s] -- Installing: /ws/team48/gps_nav/gps_nav_interfaces/install/gps_nav_interfaces/lib/libgps_nav_interfaces__rosidl_typesupport_cpp.so
[5.509s] -- Set non-toolchain portion of runtime path of "/ws/team48/gps_nav/gps_nav_interfaces/install/gps_nav_interfaces/lib/libgps_nav_interfaces__rosidl_typesupport_cpp.so" to ""
[5.509s] -- Installing: /ws/team48/gps_nav/gps_nav_interfaces/install/gps_nav_interfaces/share/gps_nav_interfaces/environment/pythonpath.sh
[5.509s] -- Installing: /ws/team48/gps_nav/gps_nav_interfaces/install/gps_nav_interfaces/share/gps_nav_interfaces/environment/pythonpath.dsv
[5.509s] -- Installing: /ws/team48/gps_nav/gps_nav_interfaces/install/gps_nav_interfaces/lib/python3.12/site-packages/gps_nav_interfaces-0.1.0-py3.12.egg-info
[5.509s] -- Installing: /ws/team48/gps_nav/gps_nav_interfaces/install/gps_nav_interfaces/lib/python3.12/site-packages/gps_nav_interfaces-0.1.0-py3.12.egg-info/dependency_links.txt
[5.509s] -- Installing: /ws/team48/gps_nav/gps_nav_interfaces/install/gps_nav_interfaces/lib/python3.12/site-packages/gps_nav_interfaces-0.1.0-py3.12.egg-info/PKG-INFO
[5.510s] -- Installing: /ws/team48/gps_nav/gps_nav_interfaces/install/gps_nav_interfaces/lib/python3.12/site-packages/gps_nav_interfaces-0.1.0-py3.12.egg-info/SOURCES.txt
[5.510s] -- Installing: /ws/team48/gps_nav/gps_nav_interfaces/install/gps_nav_interfaces/lib/python3.12/site-packages/gps_nav_interfaces-0.1.0-py3.12.egg-info/top_level.txt
[5.510s] -- Installing: /ws/team48/gps_nav/gps_nav_interfaces/install/gps_nav_interfaces/lib/python3.12/site-packages/gps_nav_interfaces
[5.510s] -- Installing: /ws/team48/gps_nav/gps_nav_interfaces/install/gps_nav_interfaces/lib/python3.12/site-packages/gps_nav_interfaces/action
[5.510s] -- Installing: /ws/team48/gps_nav/gps_nav_interfaces/install/gps_nav_interfaces/lib/python3.12/site-packages/gps_nav_interfaces/action/_gps_goal.py
[5.511s] -- Installing: /ws/team48/gps_nav/gps_nav_interfaces/install/gps_nav_interfaces/lib/python3.12/site-packages/gps_nav_interfaces/action/_gps_goal_s.c
[5.511s] -- Installing: /ws/team48/gps_nav/gps_nav_interfaces/install/gps_nav_interfaces/lib/python3.12/site-packages/gps_nav_interfaces/action/__init__.py
[5.511s] -- Installing: /ws/team48/gps_nav/gps_nav_interfaces/install/gps_nav_interfaces/lib/python3.12/site-packages/gps_nav_interfaces/gps_nav_interfaces_s__rosidl_typesupport_c.so
[5.512s] -- Installing: /ws/team48/gps_nav/gps_nav_interfaces/install/gps_nav_interfaces/lib/python3.12/site-packages/gps_nav_interfaces/gps_nav_interfaces_s__rosidl_typesupport_fastrtps_c.so
[5.512s] -- Installing: /ws/team48/gps_nav/gps_nav_interfaces/install/gps_nav_interfaces/lib/python3.12/site-packages/gps_nav_interfaces/gps_nav_interfaces_s__rosidl_typesupport_introspection_c.so
[5.512s] -- Installing: /ws/team48/gps_nav/gps_nav_interfaces/install/gps_nav_interfaces/lib/python3.12/site-packages/gps_nav_interfaces/_gps_nav_interfaces_s.ep.rosidl_typesupport_c.c
[5.513s] -- Installing: /ws/team48/gps_nav/gps_nav_interfaces/install/gps_nav_interfaces/lib/python3.12/site-packages/gps_nav_interfaces/_gps_nav_interfaces_s.ep.rosidl_typesupport_fastrtps_c.c
[5.513s] -- Installing: /ws/team48/gps_nav/gps_nav_interfaces/install/gps_nav_interfaces/lib/python3.12/site-packages/gps_nav_interfaces/_gps_nav_interfaces_s.ep.rosidl_typesupport_introspection_c.c
[5.513s] -- Installing: /ws/team48/gps_nav/gps_nav_interfaces/install/gps_nav_interfaces/lib/python3.12/site-packages/gps_nav_interfaces/__init__.py
[5.553s] Listing '/ws/team48/gps_nav/gps_nav_interfaces/install/gps_nav_interfaces/lib/python3.12/site-packages/gps_nav_interfaces'...
[5.553s] Compiling '/ws/team48/gps_nav/gps_nav_interfaces/install/gps_nav_interfaces/lib/python3.12/site-packages/gps_nav_interfaces/__init__.py'...
[5.553s] Listing '/ws/team48/gps_nav/gps_nav_interfaces/install/gps_nav_interfaces/lib/python3.12/site-packages/gps_nav_interfaces/action'...
[5.553s] Compiling '/ws/team48/gps_nav/gps_nav_interfaces/install/gps_nav_interfaces/lib/python3.12/site-packages/gps_nav_interfaces/action/__init__.py'...
[5.553s] Compiling '/ws/team48/gps_nav/gps_nav_interfaces/install/gps_nav_interfaces/lib/python3.12/site-packages/gps_nav_interfaces/action/_gps_goal.py'...
[5.557s] -- Installing: /ws/team48/gps_nav/gps_nav_interfaces/install/gps_nav_interfaces/lib/python3.12/site-packages/gps_nav_interfaces/gps_nav_interfaces_s__rosidl_typesupport_fastrtps_c.so
[5.558s] -- Set non-toolchain portion of runtime path of "/ws/team48/gps_nav/gps_nav_interfaces/install/gps_nav_interfaces/lib/python3.12/site-packages/gps_nav_interfaces/gps_nav_interfaces_s__rosidl_typesupport_fastrtps_c.so" to ""
[5.558s] -- Installing: /ws/team48/gps_nav/gps_nav_interfaces/install/gps_nav_interfaces/lib/python3.12/site-packages/gps_nav_interfaces/gps_nav_interfaces_s__rosidl_typesupport_introspection_c.so
[5.559s] -- Set non-toolchain portion of runtime path of "/ws/team48/gps_nav/gps_nav_interfaces/install/gps_nav_interfaces/lib/python3.12/site-packages/gps_nav_interfaces/gps_nav_interfaces_s__rosidl_typesupport_introspection_c.so" to ""
[5.559s] -- Installing: /ws/team48/gps_nav/gps_nav_interfaces/install/gps_nav_interfaces/lib/python3.12/site-packages/gps_nav_interfaces/gps_nav_interfaces_s__rosidl_typesupport_c.so
[5.560s] -- Set non-toolchain portion of runtime path of "/ws/team48/gps_nav/gps_nav_interfaces/install/gps_nav_interfaces/lib/python3.12/site-packages/gps_nav_interfaces/gps_nav_interfaces_s__rosidl_typesupport_c.so" to ""
[5.560s] -- Installing: /ws/team48/gps_nav/gps_nav_interfaces/install/gps_nav_interfaces/lib/libgps_nav_interfaces__rosidl_generator_py.so
[5.560s] -- Set non-toolchain portion of runtime path of "/ws/team48/gps_nav/gps_nav_interfaces/install/gps_nav_interfaces/lib/libgps_nav_interfaces__rosidl_generator_py.so" to ""
[5.560s] -- Installing: /ws/team48/gps_nav/gps_nav_interfaces/install/gps_nav_interfaces/share/ament_index/resource_index/rust_packages/gps_nav_interfaces
[5.561s] -- Installing: /ws/team48/gps_nav/gps_nav_interfaces/install/gps_nav_interfaces/share/gps_nav_interfaces/rust
[5.561s] -- Installing: /ws/team48/gps_nav/gps_nav_interfaces/install/gps_nav_interfaces/share/gps_nav_interfaces/rust/build.rs
[5.561s] -- Installing: /ws/team48/gps_nav/gps_nav_interfaces/install/gps_nav_interfaces/share/gps_nav_interfaces/rust/Cargo.toml
[5.561s] -- Installing: /ws/team48/gps_nav/gps_nav_interfaces/install/gps_nav_interfaces/share/gps_nav_interfaces/rust/src
[5.561s] -- Installing: /ws/team48/gps_nav/gps_nav_interfaces/install/gps_nav_interfaces/share/gps_nav_interfaces/rust/src/action
[5.561s] -- Installing: /ws/team48/gps_nav/gps_nav_interfaces/install/gps_nav_interfaces/share/gps_nav_interfaces/rust/src/action/rmw.rs
[5.562s] -- Installing: /ws/team48/gps_nav/gps_nav_interfaces/install/gps_nav_interfaces/share/gps_nav_interfaces/rust/src/action.rs
[5.562s] -- Installing: /ws/team48/gps_nav/gps_nav_interfaces/install/gps_nav_interfaces/share/gps_nav_interfaces/rust/src/lib.rs
[5.562s] -- Installing: /ws/team48/gps_nav/gps_nav_interfaces/install/gps_nav_interfaces/share/gps_nav_interfaces/action/GpsGoal.idl
[5.562s] -- Installing: /ws/team48/gps_nav/gps_nav_interfaces/install/gps_nav_interfaces/share/gps_nav_interfaces/action/GpsGoal.action
[5.563s] -- Installing: /ws/team48/gps_nav/gps_nav_interfaces/install/gps_nav_interfaces/share/ament_index/resource_index/package_run_dependencies/gps_nav_interfaces
[5.563s] -- Installing: /ws/team48/gps_nav/gps_nav_interfaces/install/gps_nav_interfaces/share/ament_index/resource_index/parent_prefix_path/gps_nav_interfaces
[5.563s] -- Installing: /ws/team48/gps_nav/gps_nav_interfaces/install/gps_nav_interfaces/share/gps_nav_interfaces/environment/ament_prefix_path.sh
[5.564s] -- Installing: /ws/team48/gps_nav/gps_nav_interfaces/install/gps_nav_interfaces/share/gps_nav_interfaces/environment/ament_prefix_path.dsv
[5.564s] -- Installing: /ws/team48/gps_nav/gps_nav_interfaces/install/gps_nav_interfaces/share/gps_nav_interfaces/environment/path.sh
[5.564s] -- Installing: /ws/team48/gps_nav/gps_nav_interfaces/install/gps_nav_interfaces/share/gps_nav_interfaces/environment/path.dsv
[5.565s] -- Installing: /ws/team48/gps_nav/gps_nav_interfaces/install/gps_nav_interfaces/share/gps_nav_interfaces/local_setup.bash
[5.565s] -- Installing: /ws/team48/gps_nav/gps_nav_interfaces/install/gps_nav_interfaces/share/gps_nav_interfaces/local_setup.sh
[5.565s] -- Installing: /ws/team48/gps_nav/gps_nav_interfaces/install/gps_nav_interfaces/share/gps_nav_interfaces/local_setup.zsh
[5.565s] -- Installing: /ws/team48/gps_nav/gps_nav_interfaces/install/gps_nav_interfaces/share/gps_nav_interfaces/local_setup.dsv
[5.566s] -- Installing: /ws/team48/gps_nav/gps_nav_interfaces/install/gps_nav_interfaces/share/gps_nav_interfaces/package.dsv
[5.566s] -- Installing: /ws/team48/gps_nav/gps_nav_interfaces/install/gps_nav_interfaces/share/ament_index/resource_index/packages/gps_nav_interfaces
[5.566s] -- Installing: /ws/team48/gps_nav/gps_nav_interfaces/install/gps_nav_interfaces/share/gps_nav_interfaces/cmake/export_gps_nav_interfaces__rosidl_generator_cExport.cmake
[5.567s] -- Installing: /ws/team48/gps_nav/gps_nav_interfaces/install/gps_nav_interfaces/share/gps_nav_interfaces/cmake/export_gps_nav_interfaces__rosidl_generator_cExport-noconfig.cmake
[5.567s] -- Installing: /ws/team48/gps_nav/gps_nav_interfaces/install/gps_nav_interfaces/share/gps_nav_interfaces/cmake/export_gps_nav_interfaces__rosidl_typesupport_fastrtps_cExport.cmake
[5.567s] -- Installing: /ws/team48/gps_nav/gps_nav_interfaces/install/gps_nav_interfaces/share/gps_nav_interfaces/cmake/export_gps_nav_interfaces__rosidl_typesupport_fastrtps_cExport-noconfig.cmake
[5.568s] -- Installing: /ws/team48/gps_nav/gps_nav_interfaces/install/gps_nav_interfaces/share/gps_nav_interfaces/cmake/gps_nav_interfaces__rosidl_typesupport_introspection_cExport.cmake
[5.568s] -- Installing: /ws/team48/gps_nav/gps_nav_interfaces/install/gps_nav_interfaces/share/gps_nav_interfaces/cmake/gps_nav_interfaces__rosidl_typesupport_introspection_cExport-noconfig.cmake
[5.568s] -- Installing: /ws/team48/gps_nav/gps_nav_interfaces/install/gps_nav_interfaces/share/gps_nav_interfaces/cmake/gps_nav_interfaces__rosidl_typesupport_cExport.cmake
[5.568s] -- Installing: /ws/team48/gps_nav/gps_nav_interfaces/install/gps_nav_interfaces/share/gps_nav_interfaces/cmake/gps_nav_interfaces__rosidl_typesupport_cExport-noconfig.cmake
[5.569s] -- Installing: /ws/team48/gps_nav/gps_nav_interfaces/install/gps_nav_interfaces/share/gps_nav_interfaces/cmake/export_gps_nav_interfaces__rosidl_generator_cppExport.cmake
[5.569s] -- Installing: /ws/team48/gps_nav/gps_nav_interfaces/install/gps_nav_interfaces/share/gps_nav_interfaces/cmake/export_gps_nav_interfaces__rosidl_typesupport_fastrtps_cppExport.cmake
[5.569s] -- Installing: /ws/team48/gps_nav/gps_nav_interfaces/install/gps_nav_interfaces/share/gps_nav_interfaces/cmake/export_gps_nav_interfaces__rosidl_typesupport_fastrtps_cppExport-noconfig.cmake
[5.570s] -- Installing: /ws/team48/gps_nav/gps_nav_interfaces/install/gps_nav_interfaces/share/gps_nav_interfaces/cmake/gps_nav_interfaces__rosidl_typesupport_introspection_cppExport.cmake
[5.570s] -- Installing: /ws/team48/gps_nav/gps_nav_interfaces/install/gps_nav_interfaces/share/gps_nav_interfaces/cmake/gps_nav_interfaces__rosidl_typesupport_introspection_cppExport-noconfig.cmake
[5.571s] -- Installing: /ws/team48/gps_nav/gps_nav_interfaces/install/gps_nav_interfaces/share/gps_nav_interfaces/cmake/gps_nav_interfaces__rosidl_typesupport_cppExport.cmake
[5.571s] -- Installing: /ws/team48/gps_nav/gps_nav_interfaces/install/gps_nav_interfaces/share/gps_nav_interfaces/cmake/gps_nav_interfaces__rosidl_typesupport_cppExport-noconfig.cmake
[5.572s] -- Installing: /ws/team48/gps_nav/gps_nav_interfaces/install/gps_nav_interfaces/share/gps_nav_interfaces/cmake/export_gps_nav_interfaces__rosidl_generator_pyExport.cmake
[5.572s] -- Installing: /ws/team48/gps_nav/gps_nav_interfaces/install/gps_nav_interfaces/share/gps_nav_interfaces/cmake/export_gps_nav_interfaces__rosidl_generator_pyExport-noconfig.cmake
[5.572s] -- Installing: /ws/team48/gps_nav/gps_nav_interfaces/install/gps_nav_interfaces/share/gps_nav_interfaces/cmake/rosidl_cmake-extras.cmake
[5.572s] -- Installing: /ws/team48/gps_nav/gps_nav_interfaces/install/gps_nav_interfaces/share/gps_nav_interfaces/cmake/ament_cmake_export_dependencies-extras.cmake
[5.573s] -- Installing: /ws/team48/gps_nav/gps_nav_interfaces/install/gps_nav_interfaces/share/gps_nav_interfaces/cmake/ament_cmake_export_include_directories-extras.cmake
[5.573s] -- Installing: /ws/team48/gps_nav/gps_nav_interfaces/install/gps_nav_interfaces/share/gps_nav_interfaces/cmake/ament_cmake_export_libraries-extras.cmake
[5.573s] -- Installing: /ws/team48/gps_nav/gps_nav_interfaces/install/gps_nav_interfaces/share/gps_nav_interfaces/cmake/ament_cmake_export_targets-extras.cmake
[5.574s] -- Installing: /ws/team48/gps_nav/gps_nav_interfaces/install/gps_nav_interfaces/share/gps_nav_interfaces/cmake/rosidl_cmake_export_typesupport_targets-extras.cmake
[5.574s] -- Installing: /ws/team48/gps_nav/gps_nav_interfaces/install/gps_nav_interfaces/share/gps_nav_interfaces/cmake/rosidl_cmake_export_typesupport_libraries-extras.cmake
[5.575s] -- Installing: /ws/team48/gps_nav/gps_nav_interfaces/install/gps_nav_interfaces/share/gps_nav_interfaces/cmake/gps_nav_interfacesConfig.cmake
[5.575s] -- Installing: /ws/team48/gps_nav/gps_nav_interfaces/install/gps_nav_interfaces/share/gps_nav_interfaces/cmake/gps_nav_interfacesConfig-version.cmake
[5.575s] -- Installing: /ws/team48/gps_nav/gps_nav_interfaces/install/gps_nav_interfaces/share/gps_nav_interfaces/package.xml
[5.577s] Invoked command in '/ws/team48/gps_nav/gps_nav_interfaces/build/gps_nav_interfaces' returned '0': /usr/bin/cmake --install /ws/team48/gps_nav/gps_nav_interfaces/build/gps_nav_interfaces
