-- Install configuration: ""
-- Up-to-date: /ws/src/my_tb3_world/install/my_tb3_world/share/my_tb3_world/launch
-- Up-to-date: /ws/src/my_tb3_world/install/my_tb3_world/share/my_tb3_world/launch/new_world.launch.py
-- Up-to-date: /ws/src/my_tb3_world/install/my_tb3_world/share/my_tb3_world/worlds
-- Up-to-date: /ws/src/my_tb3_world/install/my_tb3_world/share/my_tb3_world/worlds/new_world.world
-- Up-to-date: /ws/src/my_tb3_world/install/my_tb3_world/share/my_tb3_world/package.xml
-- Up-to-date: /ws/src/my_tb3_world/install/my_tb3_world/share/ament_index/resource_index/package_run_dependencies/my_tb3_world
-- Up-to-date: /ws/src/my_tb3_world/install/my_tb3_world/share/ament_index/resource_index/parent_prefix_path/my_tb3_world
-- Up-to-date: /ws/src/my_tb3_world/install/my_tb3_world/share/my_tb3_world/environment/ament_prefix_path.sh
-- Up-to-date: /ws/src/my_tb3_world/install/my_tb3_world/share/my_tb3_world/environment/ament_prefix_path.dsv
-- Up-to-date: /ws/src/my_tb3_world/install/my_tb3_world/share/my_tb3_world/environment/path.sh
-- Up-to-date: /ws/src/my_tb3_world/install/my_tb3_world/share/my_tb3_world/environment/path.dsv
-- Up-to-date: /ws/src/my_tb3_world/install/my_tb3_world/share/my_tb3_world/local_setup.bash
-- Up-to-date: /ws/src/my_tb3_world/install/my_tb3_world/share/my_tb3_world/local_setup.sh
-- Up-to-date: /ws/src/my_tb3_world/install/my_tb3_world/share/my_tb3_world/local_setup.zsh
-- Up-to-date: /ws/src/my_tb3_world/install/my_tb3_world/share/my_tb3_world/local_setup.dsv
-- Installing: /ws/src/my_tb3_world/install/my_tb3_world/share/my_tb3_world/package.dsv
-- Up-to-date: /ws/src/my_tb3_world/install/my_tb3_world/share/ament_index/resource_index/packages/my_tb3_world
-- Up-to-date: /ws/src/my_tb3_world/install/my_tb3_world/share/my_tb3_world/cmake/my_tb3_worldConfig.cmake
-- Up-to-date: /ws/src/my_tb3_world/install/my_tb3_world/share/my_tb3_world/cmake/my_tb3_worldConfig-version.cmake
-- Up-to-date: /ws/src/my_tb3_world/install/my_tb3_world/share/my_tb3_world/package.xml
