Built target ament_cmake_python_copy_gps_nav_setup
Built target ament_cmake_python_copy_gps_nav
running egg_info
writing gps_nav.egg-info/PKG-INFO
writing dependency_links to gps_nav.egg-info/dependency_links.txt
writing top-level names to gps_nav.egg-info/top_level.txt
reading manifest file 'gps_nav.egg-info/SOURCES.txt'
writing manifest file 'gps_nav.egg-info/SOURCES.txt'
Built target ament_cmake_python_build_gps_nav_egg
-- Install configuration: ""
-- Up-to-date: /ws/team48/gps_nav/install/gps_nav/share/gps_nav/environment/pythonpath.sh
-- Up-to-date: /ws/team48/gps_nav/install/gps_nav/share/gps_nav/environment/pythonpath.dsv
-- Up-to-date: /ws/team48/gps_nav/install/gps_nav/lib/python3.12/site-packages/gps_nav-0.1.0-py3.12.egg-info
-- Installing: /ws/team48/gps_nav/install/gps_nav/lib/python3.12/site-packages/gps_nav-0.1.0-py3.12.egg-info/dependency_links.txt
-- Installing: /ws/team48/gps_nav/install/gps_nav/lib/python3.12/site-packages/gps_nav-0.1.0-py3.12.egg-info/PKG-INFO
-- Installing: /ws/team48/gps_nav/install/gps_nav/lib/python3.12/site-packages/gps_nav-0.1.0-py3.12.egg-info/SOURCES.txt
-- Installing: /ws/team48/gps_nav/install/gps_nav/lib/python3.12/site-packages/gps_nav-0.1.0-py3.12.egg-info/top_level.txt
-- Up-to-date: /ws/team48/gps_nav/install/gps_nav/lib/python3.12/site-packages/gps_nav
-- Up-to-date: /ws/team48/gps_nav/install/gps_nav/lib/python3.12/site-packages/gps_nav/gps_navigator_node.py
-- Up-to-date: /ws/team48/gps_nav/install/gps_nav/lib/python3.12/site-packages/gps_nav/__init__.py
Listing '/ws/team48/gps_nav/install/gps_nav/lib/python3.12/site-packages/gps_nav'...
-- Up-to-date: /ws/team48/gps_nav/install/gps_nav/lib/gps_nav/gps_navigator_node.py
-- Up-to-date: /ws/team48/gps_nav/install/gps_nav/share/ament_index/resource_index/package_run_dependencies/gps_nav
-- Up-to-date: /ws/team48/gps_nav/install/gps_nav/share/ament_index/resource_index/parent_prefix_path/gps_nav
-- Up-to-date: /ws/team48/gps_nav/install/gps_nav/share/gps_nav/environment/ament_prefix_path.sh
-- Up-to-date: /ws/team48/gps_nav/install/gps_nav/share/gps_nav/environment/ament_prefix_path.dsv
-- Up-to-date: /ws/team48/gps_nav/install/gps_nav/share/gps_nav/environment/path.sh
-- Up-to-date: /ws/team48/gps_nav/install/gps_nav/share/gps_nav/environment/path.dsv
-- Up-to-date: /ws/team48/gps_nav/install/gps_nav/share/gps_nav/local_setup.bash
-- Up-to-date: /ws/team48/gps_nav/install/gps_nav/share/gps_nav/local_setup.sh
-- Up-to-date: /ws/team48/gps_nav/install/gps_nav/share/gps_nav/local_setup.zsh
-- Up-to-date: /ws/team48/gps_nav/install/gps_nav/share/gps_nav/local_setup.dsv
-- Up-to-date: /ws/team48/gps_nav/install/gps_nav/share/gps_nav/package.dsv
-- Up-to-date: /ws/team48/gps_nav/install/gps_nav/share/ament_index/resource_index/packages/gps_nav
-- Up-to-date: /ws/team48/gps_nav/install/gps_nav/share/gps_nav/cmake/gps_navConfig.cmake
-- Up-to-date: /ws/team48/gps_nav/install/gps_nav/share/gps_nav/cmake/gps_navConfig-version.cmake
-- Up-to-date: /ws/team48/gps_nav/install/gps_nav/share/gps_nav/package.xml
