[0.012s] Invoking command in '/ws/team48/gps_nav/build/gps_nav': /usr/bin/cmake --build /ws/team48/gps_nav/build/gps_nav -- -j16 -l16
[0.065s] Built target ament_cmake_python_copy_gps_nav_setup
[0.067s] Built target ament_cmake_python_copy_gps_nav
[0.213s] running egg_info
[0.224s] writing gps_nav.egg-info/PKG-INFO
[0.225s] writing dependency_links to gps_nav.egg-info/dependency_links.txt
[0.226s] writing top-level names to gps_nav.egg-info/top_level.txt
[0.253s] reading manifest file 'gps_nav.egg-info/SOURCES.txt'
[0.253s] writing manifest file 'gps_nav.egg-info/SOURCES.txt'
[0.276s] Built target ament_cmake_python_build_gps_nav_egg
[0.287s] Invoked command in '/ws/team48/gps_nav/build/gps_nav' returned '0': /usr/bin/cmake --build /ws/team48/gps_nav/build/gps_nav -- -j16 -l16
[0.296s] Invoking command in '/ws/team48/gps_nav/build/gps_nav': /usr/bin/cmake --install /ws/team48/gps_nav/build/gps_nav
[0.305s] -- Install configuration: ""
[0.305s] -- Up-to-date: /ws/team48/gps_nav/install/gps_nav/share/gps_nav/environment/pythonpath.sh
[0.305s] -- Up-to-date: /ws/team48/gps_nav/install/gps_nav/share/gps_nav/environment/pythonpath.dsv
[0.305s] -- Up-to-date: /ws/team48/gps_nav/install/gps_nav/lib/python3.12/site-packages/gps_nav-0.1.0-py3.12.egg-info
[0.306s] -- Installing: /ws/team48/gps_nav/install/gps_nav/lib/python3.12/site-packages/gps_nav-0.1.0-py3.12.egg-info/dependency_links.txt
[0.306s] -- Installing: /ws/team48/gps_nav/install/gps_nav/lib/python3.12/site-packages/gps_nav-0.1.0-py3.12.egg-info/PKG-INFO
[0.306s] -- Installing: /ws/team48/gps_nav/install/gps_nav/lib/python3.12/site-packages/gps_nav-0.1.0-py3.12.egg-info/SOURCES.txt
[0.307s] -- Installing: /ws/team48/gps_nav/install/gps_nav/lib/python3.12/site-packages/gps_nav-0.1.0-py3.12.egg-info/top_level.txt
[0.307s] -- Up-to-date: /ws/team48/gps_nav/install/gps_nav/lib/python3.12/site-packages/gps_nav
[0.307s] -- Up-to-date: /ws/team48/gps_nav/install/gps_nav/lib/python3.12/site-packages/gps_nav/gps_navigator_node.py
[0.307s] -- Up-to-date: /ws/team48/gps_nav/install/gps_nav/lib/python3.12/site-packages/gps_nav/__init__.py
[0.337s] Listing '/ws/team48/gps_nav/install/gps_nav/lib/python3.12/site-packages/gps_nav'...
[0.341s] -- Up-to-date: /ws/team48/gps_nav/install/gps_nav/lib/gps_nav/gps_navigator_node.py
[0.341s] -- Up-to-date: /ws/team48/gps_nav/install/gps_nav/share/ament_index/resource_index/package_run_dependencies/gps_nav
[0.341s] -- Up-to-date: /ws/team48/gps_nav/install/gps_nav/share/ament_index/resource_index/parent_prefix_path/gps_nav
[0.341s] -- Up-to-date: /ws/team48/gps_nav/install/gps_nav/share/gps_nav/environment/ament_prefix_path.sh
[0.341s] -- Up-to-date: /ws/team48/gps_nav/install/gps_nav/share/gps_nav/environment/ament_prefix_path.dsv
[0.341s] -- Up-to-date: /ws/team48/gps_nav/install/gps_nav/share/gps_nav/environment/path.sh
[0.341s] -- Up-to-date: /ws/team48/gps_nav/install/gps_nav/share/gps_nav/environment/path.dsv
[0.341s] -- Up-to-date: /ws/team48/gps_nav/install/gps_nav/share/gps_nav/local_setup.bash
[0.341s] -- Up-to-date: /ws/team48/gps_nav/install/gps_nav/share/gps_nav/local_setup.sh
[0.341s] -- Up-to-date: /ws/team48/gps_nav/install/gps_nav/share/gps_nav/local_setup.zsh
[0.342s] -- Up-to-date: /ws/team48/gps_nav/install/gps_nav/share/gps_nav/local_setup.dsv
[0.342s] -- Up-to-date: /ws/team48/gps_nav/install/gps_nav/share/gps_nav/package.dsv
[0.342s] -- Up-to-date: /ws/team48/gps_nav/install/gps_nav/share/ament_index/resource_index/packages/gps_nav
[0.342s] -- Up-to-date: /ws/team48/gps_nav/install/gps_nav/share/gps_nav/cmake/gps_navConfig.cmake
[0.342s] -- Up-to-date: /ws/team48/gps_nav/install/gps_nav/share/gps_nav/cmake/gps_navConfig-version.cmake
[0.342s] -- Up-to-date: /ws/team48/gps_nav/install/gps_nav/share/gps_nav/package.xml
[0.344s] Invoked command in '/ws/team48/gps_nav/build/gps_nav' returned '0': /usr/bin/cmake --install /ws/team48/gps_nav/build/gps_nav
