[0.058s] DEBUG:colcon:Command line arguments: ['/usr/bin/colcon', 'build']
[0.058s] DEBUG:colcon:Parsed command line arguments: Namespace(log_base=None, log_level=None, verb_name='build', build_base='build', install_base='install', merge_install=False, symlink_install=False, test_result_base=None, continue_on_error=False, executor='parallel', parallel_workers=16, event_handlers=None, ignore_user_meta=False, metas=['./colcon.meta'], base_paths=['.'], packages_ignore=None, packages_ignore_regex=None, paths=None, packages_up_to=None, packages_up_to_regex=None, packages_above=None, packages_above_and_dependencies=None, packages_above_depth=None, packages_select_by_dep=None, packages_skip_by_dep=None, packages_skip_up_to=None, packages_select_build_failed=False, packages_skip_build_finished=False, packages_select_test_failures=False, packages_skip_test_passed=False, packages_select=None, packages_skip=None, packages_select_regex=None, packages_skip_regex=None, packages_start=None, packages_end=None, cmake_args=None, cmake_target=None, cmake_target_skip_unavailable=False, cmake_clean_cache=False, cmake_clean_first=False, cmake_force_configure=False, ament_cmake_args=None, catkin_cmake_args=None, catkin_skip_building_tests=False, mixin_files=None, mixin=None, verb_parser=<colcon_mixin.mixin.mixin_argument.MixinArgumentDecorator object at 0x7f3b424d0da0>, verb_extension=<colcon_core.verb.build.BuildVerb object at 0x7f3b424d0a40>, main=<bound method BuildVerb.main of <colcon_core.verb.build.BuildVerb object at 0x7f3b424d0a40>>, mixin_verb=('build',))
[0.081s] Level 1:colcon.colcon_core.package_discovery:discover_packages(colcon_meta) check parameters
[0.083s] Level 1:colcon.colcon_core.package_discovery:discover_packages(recursive) check parameters
[0.083s] Level 1:colcon.colcon_core.package_discovery:discover_packages(ignore) check parameters
[0.083s] Level 1:colcon.colcon_core.package_discovery:discover_packages(path) check parameters
[0.083s] Level 1:colcon.colcon_core.package_discovery:discover_packages(colcon_meta) discover
[0.083s] Level 1:colcon.colcon_core.package_discovery:discover_packages(recursive) discover
[0.083s] INFO:colcon.colcon_core.package_discovery:Crawling recursively for packages in '/ws/team48/gps_nav'
[0.083s] Level 1:colcon.colcon_core.package_identification:_identify(.) by extensions ['ignore', 'ignore_ament_install']
[0.083s] Level 1:colcon.colcon_core.package_identification:_identify(.) by extension 'ignore'
[0.083s] Level 1:colcon.colcon_core.package_identification:_identify(.) by extension 'ignore_ament_install'
[0.083s] Level 1:colcon.colcon_core.package_identification:_identify(.) by extensions ['colcon_pkg']
[0.083s] Level 1:colcon.colcon_core.package_identification:_identify(.) by extension 'colcon_pkg'
[0.083s] Level 1:colcon.colcon_core.package_identification:_identify(.) by extensions ['colcon_meta']
[0.083s] Level 1:colcon.colcon_core.package_identification:_identify(.) by extension 'colcon_meta'
[0.083s] Level 1:colcon.colcon_core.package_identification:_identify(.) by extensions ['ros']
[0.083s] Level 1:colcon.colcon_core.package_identification:_identify(.) by extension 'ros'
[0.101s] DEBUG:colcon.colcon_core.package_identification:Package '.' with type 'ros.catkin' and name 'gps_nav'
[0.101s] Level 1:colcon.colcon_core.package_discovery:discover_packages(recursive) using defaults
[0.101s] Level 1:colcon.colcon_core.package_discovery:discover_packages(ignore) discover
[0.101s] Level 1:colcon.colcon_core.package_discovery:discover_packages(ignore) using defaults
[0.101s] Level 1:colcon.colcon_core.package_discovery:discover_packages(path) discover
[0.101s] Level 1:colcon.colcon_core.package_discovery:discover_packages(path) using defaults
[0.112s] Level 5:colcon.colcon_core.verb:set package 'gps_nav' build argument 'cmake_args' from command line to 'None'
[0.112s] Level 5:colcon.colcon_core.verb:set package 'gps_nav' build argument 'cmake_target' from command line to 'None'
[0.112s] Level 5:colcon.colcon_core.verb:set package 'gps_nav' build argument 'cmake_target_skip_unavailable' from command line to 'False'
[0.112s] Level 5:colcon.colcon_core.verb:set package 'gps_nav' build argument 'cmake_clean_cache' from command line to 'False'
[0.112s] Level 5:colcon.colcon_core.verb:set package 'gps_nav' build argument 'cmake_clean_first' from command line to 'False'
[0.112s] Level 5:colcon.colcon_core.verb:set package 'gps_nav' build argument 'cmake_force_configure' from command line to 'False'
[0.112s] Level 5:colcon.colcon_core.verb:set package 'gps_nav' build argument 'ament_cmake_args' from command line to 'None'
[0.112s] Level 5:colcon.colcon_core.verb:set package 'gps_nav' build argument 'catkin_cmake_args' from command line to 'None'
[0.112s] Level 5:colcon.colcon_core.verb:set package 'gps_nav' build argument 'catkin_skip_building_tests' from command line to 'False'
[0.112s] DEBUG:colcon.colcon_core.verb:Building package 'gps_nav' with the following arguments: {'ament_cmake_args': None, 'build_base': '/ws/team48/gps_nav/build/gps_nav', 'catkin_cmake_args': None, 'catkin_skip_building_tests': False, 'cmake_args': None, 'cmake_clean_cache': False, 'cmake_clean_first': False, 'cmake_force_configure': False, 'cmake_target': None, 'cmake_target_skip_unavailable': False, 'install_base': '/ws/team48/gps_nav/install/gps_nav', 'merge_install': False, 'path': '/ws/team48/gps_nav', 'symlink_install': False, 'test_result_base': None}
[0.112s] INFO:colcon.colcon_core.executor:Executing jobs using 'parallel' executor
[0.113s] DEBUG:colcon.colcon_parallel_executor.executor.parallel:run_until_complete
[0.113s] INFO:colcon.colcon_ros.task.catkin.build:Building ROS package in '/ws/team48/gps_nav' with build type 'catkin'
[0.113s] INFO:colcon.colcon_cmake.task.cmake.build:Building CMake package in '/ws/team48/gps_nav'
[0.114s] INFO:colcon.colcon_core.plugin_system:Skipping extension 'colcon_core.shell.bat': Not used on non-Windows systems
[0.114s] INFO:colcon.colcon_core.shell:Skip shell extension 'powershell' for command environment: Not usable outside of PowerShell
[0.114s] DEBUG:colcon.colcon_core.shell:Skip shell extension 'dsv' for command environment
[0.121s] DEBUG:colcon.colcon_core.event_handler.log_command:Invoking command in '/ws/team48/gps_nav/build/gps_nav': /usr/bin/cmake /ws/team48/gps_nav -DCATKIN_INSTALL_INTO_PREFIX_ROOT=0 -DCMAKE_INSTALL_PREFIX=/ws/team48/gps_nav/install/gps_nav
[0.130s] Level 1:colcon.colcon_core.environment:create_environment_scripts_only(gps_nav)
[0.130s] DEBUG:colcon.colcon_core.event_handler.log_command:Invoked command in '/ws/team48/gps_nav/build/gps_nav' returned '1': /usr/bin/cmake /ws/team48/gps_nav -DCATKIN_INSTALL_INTO_PREFIX_ROOT=0 -DCMAKE_INSTALL_PREFIX=/ws/team48/gps_nav/install/gps_nav
[0.132s] Level 1:colcon.colcon_core.environment:checking '/ws/team48/gps_nav/install/gps_nav' for CMake module files
[0.133s] Level 1:colcon.colcon_core.environment:checking '/ws/team48/gps_nav/install/gps_nav' for CMake config files
[0.133s] Level 1:colcon.colcon_core.environment:checking '/ws/team48/gps_nav/install/gps_nav/bin'
[0.133s] Level 1:colcon.colcon_core.environment:checking '/ws/team48/gps_nav/install/gps_nav/lib/pkgconfig/gps_nav.pc'
[0.135s] Level 1:colcon.colcon_core.environment:checking '/ws/team48/gps_nav/install/gps_nav/lib/python3.12/site-packages'
[0.135s] Level 1:colcon.colcon_core.environment:checking '/ws/team48/gps_nav/install/gps_nav/bin'
[0.136s] INFO:colcon.colcon_core.shell:Creating package script '/ws/team48/gps_nav/install/gps_nav/share/gps_nav/package.ps1'
[0.137s] INFO:colcon.colcon_core.shell:Creating package descriptor '/ws/team48/gps_nav/install/gps_nav/share/gps_nav/package.dsv'
[0.137s] INFO:colcon.colcon_core.shell:Creating package script '/ws/team48/gps_nav/install/gps_nav/share/gps_nav/package.sh'
[0.137s] INFO:colcon.colcon_core.shell:Creating package script '/ws/team48/gps_nav/install/gps_nav/share/gps_nav/package.bash'
[0.138s] INFO:colcon.colcon_core.shell:Creating package script '/ws/team48/gps_nav/install/gps_nav/share/gps_nav/package.zsh'
[0.139s] Level 1:colcon.colcon_core.environment:create_file_with_runtime_dependencies(/ws/team48/gps_nav/install/gps_nav/share/colcon-core/packages/gps_nav)
[0.149s] DEBUG:colcon.colcon_parallel_executor.executor.parallel:closing loop
[0.149s] DEBUG:colcon.colcon_parallel_executor.executor.parallel:loop closed
[0.150s] DEBUG:colcon.colcon_parallel_executor.executor.parallel:run_until_complete finished with '1'
[0.150s] DEBUG:colcon.colcon_core.event_reactor:joining thread
[0.154s] INFO:colcon.colcon_core.plugin_system:Skipping extension 'colcon_notification.desktop_notification.notify_send': Could not find 'notify-send'
[0.154s] INFO:colcon.colcon_core.plugin_system:Skipping extension 'colcon_notification.desktop_notification.terminal_notifier': Not used on non-Darwin systems
[0.154s] INFO:colcon.colcon_core.plugin_system:Skipping extension 'colcon_notification.desktop_notification.win32': Not used on non-Windows systems
[0.155s] INFO:colcon.colcon_notification.desktop_notification:Sending desktop notification using 'notify2'
[0.156s] DEBUG:colcon.colcon_notification.desktop_notification.notify2:Failed to initialize notify2: org.freedesktop.DBus.Error.Spawn.ExecFailed: /usr/bin/dbus-launch terminated abnormally without any error message
[0.156s] DEBUG:colcon.colcon_core.event_reactor:joined thread
[0.156s] INFO:colcon.colcon_core.shell:Creating prefix script '/ws/team48/gps_nav/install/local_setup.ps1'
[0.157s] INFO:colcon.colcon_core.shell:Creating prefix util module '/ws/team48/gps_nav/install/_local_setup_util_ps1.py'
[0.158s] INFO:colcon.colcon_core.shell:Creating prefix chain script '/ws/team48/gps_nav/install/setup.ps1'
[0.162s] INFO:colcon.colcon_core.shell:Creating prefix script '/ws/team48/gps_nav/install/local_setup.sh'
[0.162s] INFO:colcon.colcon_core.shell:Creating prefix util module '/ws/team48/gps_nav/install/_local_setup_util_sh.py'
[0.163s] INFO:colcon.colcon_core.shell:Creating prefix chain script '/ws/team48/gps_nav/install/setup.sh'
[0.164s] INFO:colcon.colcon_core.shell:Creating prefix script '/ws/team48/gps_nav/install/local_setup.bash'
[0.164s] INFO:colcon.colcon_core.shell:Creating prefix chain script '/ws/team48/gps_nav/install/setup.bash'
[0.165s] INFO:colcon.colcon_core.shell:Creating prefix script '/ws/team48/gps_nav/install/local_setup.zsh'
[0.165s] INFO:colcon.colcon_core.shell:Creating prefix chain script '/ws/team48/gps_nav/install/setup.zsh'
